
Memory Configuration

Name             Origin             Length             Attributes
*default*        0x0000000000000000 0xffffffffffffffff

Linker script and memory map

Address of section .text set to 0x6000000
LOAD build/us/actors/group15.o
                [!provide]                        PROVIDE (__executable_start = SEGMENT_START ("text-segment", 0x400000))
                0x0000000000400094                . = (SEGMENT_START ("text-segment", 0x400000) + SIZEOF_HEADERS)

.interp
 *(.interp)

.MIPS.abiflags
 *(.MIPS.abiflags)

.reginfo        0x0000000000400094       0x18
 *(.reginfo)
 .reginfo       0x0000000000400094       0x18 build/us/actors/group15.o

.MIPS.xhash
 *(.MIPS.xhash)

.note.gnu.build-id
 *(.note.gnu.build-id)

.dynamic
 *(.dynamic)

.hash
 *(.hash)

.gnu.hash
 *(.gnu.hash)

.dynsym
 *(.dynsym)

.dynstr
 *(.dynstr)

.gnu.version
 *(.gnu.version)

.gnu.version_d
 *(.gnu.version_d)

.gnu.version_r
 *(.gnu.version_r)

.rel.dyn        0x00000000004000ac        0x0
 *(.rel.init)
 *(.rel.text .rel.text.* .rel.gnu.linkonce.t.*)
 *(.rel.fini)
 *(.rel.rodata .rel.rodata.* .rel.gnu.linkonce.r.*)
 *(.rel.data.rel.ro .rel.data.rel.ro.* .rel.gnu.linkonce.d.rel.ro.*)
 *(.rel.data .rel.data.* .rel.gnu.linkonce.d.*)
 *(.rel.tdata .rel.tdata.* .rel.gnu.linkonce.td.*)
 *(.rel.tbss .rel.tbss.* .rel.gnu.linkonce.tb.*)
 *(.rel.ctors)
 *(.rel.dtors)
 *(.rel.got)
 *(.rel.dyn)
 .rel.dyn       0x00000000004000ac        0x0 build/us/actors/group15.o
 *(.rel.sdata .rel.sdata.* .rel.gnu.linkonce.s.*)
 *(.rel.sbss .rel.sbss.* .rel.gnu.linkonce.sb.*)
 *(.rel.sdata2 .rel.sdata2.* .rel.gnu.linkonce.s2.*)
 *(.rel.sbss2 .rel.sbss2.* .rel.gnu.linkonce.sb2.*)
 *(.rel.bss .rel.bss.* .rel.gnu.linkonce.b.*)
                [!provide]                        PROVIDE (__rel_iplt_start = .)
 *(.rel.iplt)
                [!provide]                        PROVIDE (__rel_iplt_end = .)

.rela.dyn       0x00000000004000ac        0x0
 *(.rela.init)
 *(.rela.text .rela.text.* .rela.gnu.linkonce.t.*)
 *(.rela.fini)
 *(.rela.rodata .rela.rodata.* .rela.gnu.linkonce.r.*)
 *(.rela.data .rela.data.* .rela.gnu.linkonce.d.*)
 *(.rela.tdata .rela.tdata.* .rela.gnu.linkonce.td.*)
 *(.rela.tbss .rela.tbss.* .rela.gnu.linkonce.tb.*)
 *(.rela.ctors)
 *(.rela.dtors)
 *(.rela.got)
 *(.rela.sdata .rela.sdata.* .rela.gnu.linkonce.s.*)
 *(.rela.sbss .rela.sbss.* .rela.gnu.linkonce.sb.*)
 *(.rela.sdata2 .rela.sdata2.* .rela.gnu.linkonce.s2.*)
 *(.rela.sbss2 .rela.sbss2.* .rela.gnu.linkonce.sb2.*)
 *(.rela.bss .rela.bss.* .rela.gnu.linkonce.b.*)
                [!provide]                        PROVIDE (__rela_iplt_start = .)
 *(.rela.iplt)
                [!provide]                        PROVIDE (__rela_iplt_end = .)

.rel.plt
 *(.rel.plt)

.rela.plt
 *(.rela.plt)

.init
 *(SORT_NONE(.init))

.text           0x0000000006000000        0x0
                0x0000000006000000                _ftext = .
 *(.text.unlikely .text.*_unlikely .text.unlikely.*)
 *(.text.exit .text.exit.*)
 *(.text.startup .text.startup.*)
 *(.text.hot .text.hot.*)
 *(SORT_BY_NAME(.text.sorted.*))
 *(.text .stub .text.* .gnu.linkonce.t.*)
 *(.gnu.warning)
 *(.mips16.fn.*)
 *(.mips16.call.*)

.fini
 *(SORT_NONE(.fini))
                [!provide]                        PROVIDE (__etext = .)
                [!provide]                        PROVIDE (_etext = .)
                [!provide]                        PROVIDE (etext = .)

.rodata
 *(.rodata .rodata.* .gnu.linkonce.r.*)

.rodata1
 *(.rodata1)

.sdata2
 *(.sdata2 .sdata2.* .gnu.linkonce.s2.*)

.sbss2
 *(.sbss2 .sbss2.* .gnu.linkonce.sb2.*)

.eh_frame_hdr
 *(.eh_frame_hdr)
 *(.eh_frame_entry .eh_frame_entry.*)

.eh_frame
 *(.eh_frame)
 *(.eh_frame.*)

.gcc_except_table
 *(.gcc_except_table .gcc_except_table.*)

.gnu_extab
 *(.gnu_extab*)

.exception_ranges
 *(.exception_ranges*)

.plt
 *(.plt)

.iplt
 *(.iplt)
                0x0000000006000000                . = DATA_SEGMENT_ALIGN (CONSTANT (MAXPAGESIZE), CONSTANT (COMMONPAGESIZE))

.eh_frame
 *(.eh_frame)
 *(.eh_frame.*)

.gnu_extab
 *(.gnu_extab)

.gcc_except_table
 *(.gcc_except_table .gcc_except_table.*)

.exception_ranges
 *(.exception_ranges*)

.tdata          0x0000000006000000        0x0
                [!provide]                        PROVIDE (__tdata_start = .)
 *(.tdata .tdata.* .gnu.linkonce.td.*)

.tbss
 *(.tbss .tbss.* .gnu.linkonce.tb.*)
 *(.tcommon)

.preinit_array  0x0000000006000000        0x0
                [!provide]                        PROVIDE (__preinit_array_start = .)
 *(.preinit_array)
                [!provide]                        PROVIDE (__preinit_array_end = .)

.init_array     0x0000000006000000        0x0
                [!provide]                        PROVIDE (__init_array_start = .)
 *(SORT_BY_INIT_PRIORITY(.init_array.*) SORT_BY_INIT_PRIORITY(.ctors.*))
 *(.init_array EXCLUDE_FILE(*crtend?.o *crtend.o *crtbegin?.o *crtbegin.o) .ctors)
                [!provide]                        PROVIDE (__init_array_end = .)

.fini_array     0x0000000006000000        0x0
                [!provide]                        PROVIDE (__fini_array_start = .)
 *(SORT_BY_INIT_PRIORITY(.fini_array.*) SORT_BY_INIT_PRIORITY(.dtors.*))
 *(.fini_array EXCLUDE_FILE(*crtend?.o *crtend.o *crtbegin?.o *crtbegin.o) .dtors)
                [!provide]                        PROVIDE (__fini_array_end = .)

.ctors
 *crtbegin.o(.ctors)
 *crtbegin?.o(.ctors)
 *(EXCLUDE_FILE(*crtend?.o *crtend.o) .ctors)
 *(SORT_BY_NAME(.ctors.*))
 *(.ctors)

.dtors
 *crtbegin.o(.dtors)
 *crtbegin?.o(.dtors)
 *(EXCLUDE_FILE(*crtend?.o *crtend.o) .dtors)
 *(SORT_BY_NAME(.dtors.*))
 *(.dtors)

.jcr
 *(.jcr)

.data.rel.ro
 *(.data.rel.ro.local* .gnu.linkonce.d.rel.ro.local.*)
 *(.data.rel.ro .data.rel.ro.* .gnu.linkonce.d.rel.ro.*)
                0x0000000006000000                . = DATA_SEGMENT_RELRO_END (., 0x0)

.got.plt
 *(.got.plt)

.data           0x0000000006000000    0x17e80
                0x0000000006000000                _fdata = .
 *(.data .data.* .gnu.linkonce.d.*)
 .data          0x0000000006000000    0x17e80 build/us/actors/group15.o
                0x0000000006003c80                lakitu_seg6_dl_06003C80
                0x0000000006003db0                lakitu_seg6_dl_06003DB0
                0x0000000006003e30                lakitu_seg6_dl_06003E30
                0x0000000006004410                lakitu_seg6_dl_06004410
                0x0000000006004680                lakitu_seg6_dl_06004680
                0x00000000060047e8                lakitu_seg6_dl_060047E8
                0x00000000060049e0                lakitu_seg6_dl_060049E0
                0x0000000006004ba8                lakitu_seg6_dl_06004BA8
                0x0000000006004be8                lakitu_seg6_dl_06004BE8
                0x0000000006004c30                lakitu_seg6_dl_06004C30
                0x0000000006004c60                lakitu_seg6_dl_06004C60
                0x0000000006004c88                lakitu_seg6_dl_06004C88
                0x00000000060051d0                lakitu_seg6_dl_060051D0
                0x0000000006005218                lakitu_seg6_dl_06005218
                0x0000000006005360                lakitu_seg6_dl_06005360
                0x0000000006005598                lakitu_seg6_dl_06005598
                0x00000000060055e8                lakitu_seg6_dl_060055E8
                0x0000000006005610                lakitu_seg6_dl_06005610
                0x00000000060058f8                lakitu_seg6_anims_060058F8
                0x0000000006007300                toad_seg6_dl_06007300
                0x0000000006007498                toad_seg6_dl_06007498
                0x00000000060076c0                toad_seg6_dl_060076C0
                0x0000000006007710                toad_seg6_dl_06007710
                0x0000000006007788                toad_seg6_us_dl_06007788
                0x00000000060079e0                toad_seg6_dl_06007960
                0x0000000006007ac8                toad_seg6_dl_06007A48
                0x0000000006007b00                toad_seg6_us_dl_06007B00
                0x0000000006007db8                toad_seg6_dl_06007D10
                0x0000000006007f58                toad_seg6_dl_06007EB0
                0x0000000006008168                toad_seg6_dl_060080C0
                0x00000000060082a0                toad_seg6_dl_060081F8
                0x0000000006008490                toad_seg6_dl_060083E8
                0x00000000060085c8                toad_seg6_dl_06008520
                0x0000000006008608                toad_seg6_us_dl_06008608
                0x0000000006008838                toad_seg6_dl_06008748
                0x0000000006008980                toad_seg6_dl_06008890
                0x0000000006008b80                toad_seg6_dl_06008A90
                0x0000000006008cc8                toad_seg6_dl_06008BD8
                0x000000000600fc48                toad_seg6_anims_0600FB58
                0x00000000060106f0                mips_seg6_dl_06010600
                0x0000000006010838                mips_seg6_dl_06010748
                0x00000000060108a8                mips_seg6_dl_060107B8
                0x0000000006010b88                mips_seg6_dl_06010A98
                0x0000000006010d30                mips_seg6_dl_06010C40
                0x0000000006010ea0                mips_seg6_dl_06010DB0
                0x0000000006010f50                mips_seg6_dl_06010E60
                0x00000000060110e8                mips_seg6_dl_06010FF8
                0x00000000060111a0                mips_seg6_dl_060110B0
                0x0000000006011330                mips_seg6_dl_06011240
                0x0000000006011400                mips_seg6_dl_06011310
                0x0000000006011560                mips_seg6_dl_06011470
                0x0000000006011610                mips_seg6_dl_06011520
                0x00000000060117a0                mips_seg6_dl_060116B0
                0x0000000006011870                mips_seg6_dl_06011780
                0x00000000060119d0                mips_seg6_dl_060118E0
                0x0000000006011a80                mips_seg6_dl_06011990
                0x0000000006011bf0                mips_seg6_dl_06011B00
                0x0000000006011ca0                mips_seg6_dl_06011BB0
                0x0000000006011e00                mips_seg6_dl_06011D10
                0x0000000006011ea0                mips_seg6_dl_06011DB0
                0x0000000006011f78                mips_seg6_dl_06011E88
                0x0000000006011fc8                mips_seg6_dl_06011ED8
                0x0000000006012060                mips_seg6_dl_06011F70
                0x00000000060120b0                mips_seg6_dl_06011FC0
                0x0000000006015724                mips_seg6_anims_06015634
                0x0000000006017b00                boo_castle_seg6_dl_06017A10
                0x0000000006017b68                boo_castle_seg6_dl_06017A78
                0x0000000006017bc0                boo_castle_seg6_dl_06017AD0
                0x0000000006017dd0                boo_castle_seg6_dl_06017CE0

.data1
 *(.data1)
                0x0000000006017e80                . = .
                0x000000000601fe70                _gp = (ALIGN (0x10) + 0x7ff0)

.got
 *(.got)

.sdata
 *(.sdata .sdata.* .gnu.linkonce.s.*)

.lit8
 *(.lit8)

.lit4
 *(.lit4)
                0x0000000006017e80                _edata = .
                [!provide]                        PROVIDE (edata = .)
                0x0000000006017e80                . = .
                0x0000000006017e80                __bss_start = .
                0x0000000006017e80                _fbss = .

.sbss
 *(.dynsbss)
 *(.sbss .sbss.* .gnu.linkonce.sb.*)
 *(.scommon)

.bss            0x0000000006017e80        0x0
 *(.dynbss)
 *(.bss .bss.* .gnu.linkonce.b.*)
 *(COMMON)
                0x0000000006017e80                . = ALIGN ((. != 0x0)?0x4:0x1)
                0x0000000006017e80                . = ALIGN (0x4)
                0x0000000006017e80                . = SEGMENT_START ("ldata-segment", .)
                0x0000000006017e80                . = ALIGN (0x4)
                0x0000000006017e80                _end = .
                [!provide]                        PROVIDE (end = .)
                0x0000000006017e80                . = DATA_SEGMENT_END (.)

.stab
 *(.stab)

.stabstr
 *(.stabstr)

.stab.excl
 *(.stab.excl)

.stab.exclstr
 *(.stab.exclstr)

.stab.index
 *(.stab.index)

.stab.indexstr
 *(.stab.indexstr)

.comment
 *(.comment)

.options        0x0000000000000000       0x20
 .options       0x0000000000000000       0x20 build/us/actors/group15.o

.gnu.build.attributes
 *(.gnu.build.attributes .gnu.build.attributes.*)

.debug
 *(.debug)

.line
 *(.line)

.debug_srcinfo
 *(.debug_srcinfo)

.debug_sfnames
 *(.debug_sfnames)

.debug_aranges
 *(.debug_aranges)

.debug_pubnames
 *(.debug_pubnames)

.debug_info
 *(.debug_info .gnu.linkonce.wi.*)

.debug_abbrev
 *(.debug_abbrev)

.debug_line
 *(.debug_line .debug_line.* .debug_line_end)

.debug_frame
 *(.debug_frame)

.debug_str
 *(.debug_str)

.debug_loc
 *(.debug_loc)

.debug_macinfo
 *(.debug_macinfo)

.debug_weaknames
 *(.debug_weaknames)

.debug_funcnames
 *(.debug_funcnames)

.debug_typenames
 *(.debug_typenames)

.debug_varnames
 *(.debug_varnames)

.debug_pubtypes
 *(.debug_pubtypes)

.debug_ranges
 *(.debug_ranges)

.debug_macro
 *(.debug_macro)

.debug_addr
 *(.debug_addr)

.gnu.attributes
 *(.gnu.attributes)

.gptab.sdata    0x0000000006017e80      0x1a8
 *(.gptab.data)
 .gptab.data    0x0000000006017e80      0x1a8 build/us/actors/group15.o
 *(.gptab.sdata)

.gptab.sbss
 *(.gptab.bss)
 *(.gptab.sbss)

.mdebug.abi32
 *(.mdebug.abi32)

.mdebug.abiN32
 *(.mdebug.abiN32)

.mdebug.abi64
 *(.mdebug.abi64)

.mdebug.abiO64
 *(.mdebug.abiO64)

.mdebug.eabi32
 *(.mdebug.eabi32)

.mdebug.eabi64
 *(.mdebug.eabi64)

.gcc_compiled_long32
 *(.gcc_compiled_long32)

.gcc_compiled_long64
 *(.gcc_compiled_long64)

/DISCARD/
 *(.note.GNU-stack)
 *(.gnu_debuglink)
 *(.gnu.lto_*)
OUTPUT(build/us/actors/group15.elf elf32-tradbigmips)

.mdebug         0x0000000000000000     0xc610
 .mdebug        0x0000000000000000     0xed24 build/us/actors/group15.o
