
Memory Configuration

Name             Origin             Length             Attributes
*default*        0x0000000000000000 0xffffffffffffffff

Linker script and memory map

Address of section .text set to 0x3000000
LOAD build/jp/actors/common1.o
                [!provide]                        PROVIDE (__executable_start = SEGMENT_START ("text-segment", 0x400000))
                0x0000000000400094                . = (SEGMENT_START ("text-segment", 0x400000) + SIZEOF_HEADERS)

.interp
 *(.interp)

.MIPS.abiflags
 *(.MIPS.abiflags)

.reginfo        0x0000000000400094       0x18
 *(.reginfo)
 .reginfo       0x0000000000400094       0x18 build/jp/actors/common1.o

.MIPS.xhash
 *(.MIPS.xhash)

.note.gnu.build-id
 *(.note.gnu.build-id)

.dynamic
 *(.dynamic)

.hash
 *(.hash)

.gnu.hash
 *(.gnu.hash)

.dynsym
 *(.dynsym)

.dynstr
 *(.dynstr)

.gnu.version
 *(.gnu.version)

.gnu.version_d
 *(.gnu.version_d)

.gnu.version_r
 *(.gnu.version_r)

.rel.dyn        0x00000000004000ac        0x0
 *(.rel.init)
 *(.rel.text .rel.text.* .rel.gnu.linkonce.t.*)
 *(.rel.fini)
 *(.rel.rodata .rel.rodata.* .rel.gnu.linkonce.r.*)
 *(.rel.data.rel.ro .rel.data.rel.ro.* .rel.gnu.linkonce.d.rel.ro.*)
 *(.rel.data .rel.data.* .rel.gnu.linkonce.d.*)
 *(.rel.tdata .rel.tdata.* .rel.gnu.linkonce.td.*)
 *(.rel.tbss .rel.tbss.* .rel.gnu.linkonce.tb.*)
 *(.rel.ctors)
 *(.rel.dtors)
 *(.rel.got)
 *(.rel.dyn)
 .rel.dyn       0x00000000004000ac        0x0 build/jp/actors/common1.o
 *(.rel.sdata .rel.sdata.* .rel.gnu.linkonce.s.*)
 *(.rel.sbss .rel.sbss.* .rel.gnu.linkonce.sb.*)
 *(.rel.sdata2 .rel.sdata2.* .rel.gnu.linkonce.s2.*)
 *(.rel.sbss2 .rel.sbss2.* .rel.gnu.linkonce.sb2.*)
 *(.rel.bss .rel.bss.* .rel.gnu.linkonce.b.*)
                [!provide]                        PROVIDE (__rel_iplt_start = .)
 *(.rel.iplt)
                [!provide]                        PROVIDE (__rel_iplt_end = .)

.rela.dyn       0x00000000004000ac        0x0
 *(.rela.init)
 *(.rela.text .rela.text.* .rela.gnu.linkonce.t.*)
 *(.rela.fini)
 *(.rela.rodata .rela.rodata.* .rela.gnu.linkonce.r.*)
 *(.rela.data .rela.data.* .rela.gnu.linkonce.d.*)
 *(.rela.tdata .rela.tdata.* .rela.gnu.linkonce.td.*)
 *(.rela.tbss .rela.tbss.* .rela.gnu.linkonce.tb.*)
 *(.rela.ctors)
 *(.rela.dtors)
 *(.rela.got)
 *(.rela.sdata .rela.sdata.* .rela.gnu.linkonce.s.*)
 *(.rela.sbss .rela.sbss.* .rela.gnu.linkonce.sb.*)
 *(.rela.sdata2 .rela.sdata2.* .rela.gnu.linkonce.s2.*)
 *(.rela.sbss2 .rela.sbss2.* .rela.gnu.linkonce.sb2.*)
 *(.rela.bss .rela.bss.* .rela.gnu.linkonce.b.*)
                [!provide]                        PROVIDE (__rela_iplt_start = .)
 *(.rela.iplt)
                [!provide]                        PROVIDE (__rela_iplt_end = .)

.rel.plt
 *(.rel.plt)

.rela.plt
 *(.rela.plt)

.init
 *(SORT_NONE(.init))

.text           0x0000000003000000        0x0
                0x0000000003000000                _ftext = .
 *(.text.unlikely .text.*_unlikely .text.unlikely.*)
 *(.text.exit .text.exit.*)
 *(.text.startup .text.startup.*)
 *(.text.hot .text.hot.*)
 *(SORT_BY_NAME(.text.sorted.*))
 *(.text .stub .text.* .gnu.linkonce.t.*)
 *(.gnu.warning)
 *(.mips16.fn.*)
 *(.mips16.call.*)

.fini
 *(SORT_NONE(.fini))
                [!provide]                        PROVIDE (__etext = .)
                [!provide]                        PROVIDE (_etext = .)
                [!provide]                        PROVIDE (etext = .)

.rodata
 *(.rodata .rodata.* .gnu.linkonce.r.*)

.rodata1
 *(.rodata1)

.sdata2
 *(.sdata2 .sdata2.* .gnu.linkonce.s2.*)

.sbss2
 *(.sbss2 .sbss2.* .gnu.linkonce.sb2.*)

.eh_frame_hdr
 *(.eh_frame_hdr)
 *(.eh_frame_entry .eh_frame_entry.*)

.eh_frame
 *(.eh_frame)
 *(.eh_frame.*)

.gcc_except_table
 *(.gcc_except_table .gcc_except_table.*)

.gnu_extab
 *(.gnu_extab*)

.exception_ranges
 *(.exception_ranges*)

.plt
 *(.plt)

.iplt
 *(.iplt)
                0x0000000003000000                . = DATA_SEGMENT_ALIGN (CONSTANT (MAXPAGESIZE), CONSTANT (COMMONPAGESIZE))

.eh_frame
 *(.eh_frame)
 *(.eh_frame.*)

.gnu_extab
 *(.gnu_extab)

.gcc_except_table
 *(.gcc_except_table .gcc_except_table.*)

.exception_ranges
 *(.exception_ranges*)

.tdata          0x0000000003000000        0x0
                [!provide]                        PROVIDE (__tdata_start = .)
 *(.tdata .tdata.* .gnu.linkonce.td.*)

.tbss
 *(.tbss .tbss.* .gnu.linkonce.tb.*)
 *(.tcommon)

.preinit_array  0x0000000003000000        0x0
                [!provide]                        PROVIDE (__preinit_array_start = .)
 *(.preinit_array)
                [!provide]                        PROVIDE (__preinit_array_end = .)

.init_array     0x0000000003000000        0x0
                [!provide]                        PROVIDE (__init_array_start = .)
 *(SORT_BY_INIT_PRIORITY(.init_array.*) SORT_BY_INIT_PRIORITY(.ctors.*))
 *(.init_array EXCLUDE_FILE(*crtend?.o *crtend.o *crtbegin?.o *crtbegin.o) .ctors)
                [!provide]                        PROVIDE (__init_array_end = .)

.fini_array     0x0000000003000000        0x0
                [!provide]                        PROVIDE (__fini_array_start = .)
 *(SORT_BY_INIT_PRIORITY(.fini_array.*) SORT_BY_INIT_PRIORITY(.dtors.*))
 *(.fini_array EXCLUDE_FILE(*crtend?.o *crtend.o *crtbegin?.o *crtbegin.o) .dtors)
                [!provide]                        PROVIDE (__fini_array_end = .)

.ctors
 *crtbegin.o(.ctors)
 *crtbegin?.o(.ctors)
 *(EXCLUDE_FILE(*crtend?.o *crtend.o) .ctors)
 *(SORT_BY_NAME(.ctors.*))
 *(.ctors)

.dtors
 *crtbegin.o(.dtors)
 *crtbegin?.o(.dtors)
 *(EXCLUDE_FILE(*crtend?.o *crtend.o) .dtors)
 *(SORT_BY_NAME(.dtors.*))
 *(.dtors)

.jcr
 *(.jcr)

.data.rel.ro
 *(.data.rel.ro.local* .gnu.linkonce.d.rel.ro.local.*)
 *(.data.rel.ro .data.rel.ro.* .gnu.linkonce.d.rel.ro.*)
                0x0000000003000000                . = DATA_SEGMENT_RELRO_END (., 0x0)

.got.plt
 *(.got.plt)

.data           0x0000000003000000    0x33310
                0x0000000003000000                _fdata = .
 *(.data .data.* .gnu.linkonce.d.*)
 .data          0x0000000003000000    0x33310 build/jp/actors/common1.o
                0x0000000003000880                mist_seg3_dl_03000880
                0x0000000003000920                mist_seg3_dl_03000920
                0x0000000003004208                explosion_seg3_dl_03004208
                0x0000000003004298                explosion_seg3_dl_03004298
                0x00000000030042b0                explosion_seg3_dl_030042B0
                0x00000000030042c8                explosion_seg3_dl_030042C8
                0x00000000030042e0                explosion_seg3_dl_030042E0
                0x00000000030042f8                explosion_seg3_dl_030042F8
                0x0000000003004310                explosion_seg3_dl_03004310
                0x0000000003004328                explosion_seg3_dl_03004328
                0x0000000003005408                butterfly_seg3_dl_03005408
                0x00000000030054a0                butterfly_seg3_dl_030054A0
                0x00000000030056b0                butterfly_seg3_anims_030056B0
                0x0000000003007780                coin_seg3_dl_03007780
                0x00000000030077d0                coin_seg3_dl_030077D0
                0x0000000003007800                coin_seg3_dl_03007800
                0x0000000003007828                coin_seg3_dl_03007828
                0x0000000003007850                coin_seg3_dl_03007850
                0x0000000003007878                coin_seg3_dl_03007878
                0x00000000030078a0                coin_seg3_dl_030078A0
                0x00000000030078c8                coin_seg3_dl_030078C8
                0x00000000030078f0                coin_seg3_dl_030078F0
                0x0000000003007918                coin_seg3_dl_03007918
                0x0000000003007940                coin_seg3_dl_03007940
                0x0000000003007968                coin_seg3_dl_03007968
                0x0000000003007990                coin_seg3_dl_03007990
                0x00000000030079b8                coin_seg3_dl_030079B8
                0x0000000003008e40                warp_pipe_seg3_dl_03008E40
                0x0000000003008f98                warp_pipe_seg3_dl_03008F98
                0x0000000003009968                warp_pipe_seg3_dl_03009968
                0x0000000003009a20                warp_pipe_seg3_dl_03009A20
                0x0000000003009a50                warp_pipe_seg3_dl_03009A50
                0x0000000003009ac8                warp_pipe_seg3_collision_03009AC8
                0x0000000003013c10                door_seg3_dl_03013C10
                0x0000000003013cc8                door_seg3_dl_03013CC8
                0x0000000003013d78                door_seg3_dl_03013D78
                0x0000000003013e28                door_seg3_dl_03013E28
                0x0000000003013ea8                door_seg3_dl_03013EA8
                0x0000000003014020                door_seg3_dl_03014020
                0x0000000003014100                door_seg3_dl_03014100
                0x0000000003014128                door_seg3_dl_03014128
                0x00000000030141c0                door_seg3_dl_030141C0
                0x0000000003014218                door_seg3_dl_03014218
                0x0000000003014250                door_seg3_dl_03014250
                0x0000000003014280                door_seg3_dl_03014280
                0x00000000030142b0                door_seg3_dl_030142B0
                0x00000000030142e0                door_seg3_dl_030142E0
                0x0000000003014310                door_seg3_dl_03014310
                0x0000000003014340                door_seg3_dl_03014340
                0x0000000003014470                door_seg3_dl_03014470
                0x00000000030144e0                door_seg3_dl_030144E0
                0x0000000003014528                door_seg3_dl_03014528
                0x0000000003014540                door_seg3_dl_03014540
                0x0000000003014888                door_seg3_dl_03014888
                0x00000000030149c0                door_seg3_dl_030149C0
                0x0000000003014a20                door_seg3_dl_03014A20
                0x0000000003014a50                door_seg3_dl_03014A50
                0x0000000003014a80                door_seg3_dl_03014A80
                0x0000000003014b30                door_seg3_dl_03014B30
                0x0000000003014be0                door_seg3_dl_03014BE0
                0x0000000003014c90                door_seg3_dl_03014C90
                0x0000000003014d40                door_seg3_dl_03014D40
                0x0000000003014ef0                door_seg3_dl_03014EF0
                0x0000000003014f30                door_seg3_dl_03014F30
                0x0000000003014f68                door_seg3_dl_03014F68
                0x0000000003014f98                door_seg3_dl_03014F98
                0x0000000003015008                door_seg3_dl_03015008
                0x0000000003015078                door_seg3_dl_03015078
                0x00000000030150e8                door_seg3_dl_030150E8
                0x0000000003015158                door_seg3_dl_03015158
                0x00000000030156c0                door_seg3_anims_030156C0
                0x00000000030161f8                bowser_key_dl
                0x00000000030172d0                bowser_key_seg3_anims_list
                0x000000000301b320                flame_seg3_dl_0301B320
                0x000000000301b3b0                flame_seg3_dl_0301B3B0
                0x000000000301b3c8                flame_seg3_dl_0301B3C8
                0x000000000301b3e0                flame_seg3_dl_0301B3E0
                0x000000000301b3f8                flame_seg3_dl_0301B3F8
                0x000000000301b410                flame_seg3_dl_0301B410
                0x000000000301b428                flame_seg3_dl_0301B428
                0x000000000301b440                flame_seg3_dl_0301B440
                0x000000000301b458                flame_seg3_dl_0301B458
                0x000000000301b470                flame_seg3_dl_0301B470
                0x000000000301b500                flame_seg3_dl_0301B500
                0x000000000301b518                flame_seg3_dl_0301B518
                0x000000000301b530                flame_seg3_dl_0301B530
                0x000000000301b548                flame_seg3_dl_0301B548
                0x000000000301b560                flame_seg3_dl_0301B560
                0x000000000301b578                flame_seg3_dl_0301B578
                0x000000000301b590                flame_seg3_dl_0301B590
                0x000000000301b5a8                flame_seg3_dl_0301B5A8
                0x000000000301bec0                blue_fish_seg3_dl_0301BEC0
                0x000000000301bfb8                blue_fish_seg3_dl_0301BFB8
                0x000000000301c0a8                blue_fish_seg3_dl_0301C0A8
                0x000000000301c150                blue_fish_seg3_dl_0301C150
                0x000000000301c2b0                blue_fish_seg3_anims_0301C2B0
                0x000000000301cb00                pebble_seg3_dl_0301CB00
                0x000000000301cde0                leaves_seg3_dl_0301CDE0
                0x000000000301ce78                door_seg3_collision_0301CE78
                0x000000000301cecc                lll_hexagonal_mesh_seg3_collision_0301CECC
                0x0000000003022b30                mario_cap_seg3_dl_03022B30
                0x0000000003022b68                mario_cap_seg3_dl_03022B68
                0x0000000003022cc8                mario_cap_seg3_dl_03022CC8
                0x0000000003022d10                mario_cap_seg3_dl_03022D10
                0x0000000003022e78                mario_cap_seg3_dl_03022E78
                0x0000000003022ea8                mario_cap_seg3_dl_03022EA8
                0x0000000003022ed8                mario_cap_seg3_dl_03022ED8
                0x0000000003022f20                mario_cap_seg3_dl_03022F20
                0x0000000003022f48                mario_cap_seg3_dl_03022F48
                0x0000000003022ff8                mario_cap_seg3_dl_03022FF8
                0x00000000030230b0                mario_cap_seg3_dl_030230B0
                0x0000000003023108                mario_cap_seg3_dl_03023108
                0x0000000003023160                mario_cap_seg3_dl_03023160
                0x0000000003023298                mario_cap_seg3_dl_03023298
                0x00000000030293e0                power_meter_health_segments_lut
                0x0000000003029480                dl_power_meter_base
                0x0000000003029570                dl_power_meter_health_segments_begin
                0x00000000030295a0                dl_power_meter_health_segments_end
                0x000000000302a628                mushroom_1up_seg3_dl_0302A628
                0x000000000302a660                mushroom_1up_seg3_dl_0302A660
                0x000000000302b7b0                star_seg3_dl_0302B7B0
                0x000000000302b870                star_seg3_dl_0302B870
                0x000000000302b9c0                star_seg3_dl_0302B9C0
                0x000000000302ba18                star_seg3_dl_0302BA18
                0x000000000302bcd0                sand_seg3_dl_0302BCD0
                0x000000000302bff8                dirt_seg3_dl_0302BFF8
                0x000000000302c028                dirt_seg3_dl_0302C028
                0x000000000302c238                dirt_seg3_dl_0302C238
                0x000000000302c298                dirt_seg3_dl_0302C298
                0x000000000302c2b8                dirt_seg3_dl_0302C2B8
                0x000000000302c2d8                dirt_seg3_dl_0302C2D8
                0x000000000302c2f8                dirt_seg3_dl_0302C2F8
                0x000000000302c318                dirt_seg3_dl_0302C318
                0x000000000302c378                dirt_seg3_dl_0302C378
                0x000000000302c3b0                dirt_seg3_dl_0302C3B0
                0x000000000302c3e8                dirt_seg3_dl_0302C3E8
                0x000000000302c420                dirt_seg3_dl_0302C420
                0x000000000302c458                dirt_seg3_dl_0302C458
                0x000000000302c560                transparent_star_seg3_dl_0302C560
                0x000000000302c620                transparent_star_seg3_dl_0302C620
                0x000000000302c8a0                white_particle_dl
                0x000000000302d9c8                wooden_signpost_seg3_dl_0302D9C8
                0x000000000302da48                wooden_signpost_seg3_dl_0302DA48
                0x000000000302dc40                wooden_signpost_seg3_dl_0302DC40
                0x000000000302dcd0                wooden_signpost_seg3_dl_0302DCD0
                0x000000000302dd08                wooden_signpost_seg3_dl_0302DD08
                0x000000000302dd80                wooden_signpost_seg3_collision_0302DD80
                0x000000000302fe88                tree_seg3_dl_0302FE88
                0x000000000302feb8                tree_seg3_dl_0302FEB8
                0x000000000302fee8                tree_seg3_dl_0302FEE8
                0x0000000003030fa0                tree_seg3_dl_03030FA0
                0x0000000003032088                tree_seg3_dl_03032088
                0x0000000003032170                tree_seg3_dl_03032170
                0x0000000003033258                tree_seg3_dl_03033258

.data1
 *(.data1)
                0x0000000003033310                . = .
                0x000000000303b300                _gp = (ALIGN (0x10) + 0x7ff0)

.got
 *(.got)

.sdata
 *(.sdata .sdata.* .gnu.linkonce.s.*)

.lit8
 *(.lit8)

.lit4
 *(.lit4)
                0x0000000003033310                _edata = .
                [!provide]                        PROVIDE (edata = .)
                0x0000000003033310                . = .
                0x0000000003033310                __bss_start = .
                0x0000000003033310                _fbss = .

.sbss
 *(.dynsbss)
 *(.sbss .sbss.* .gnu.linkonce.sb.*)
 *(.scommon)

.bss            0x0000000003033310        0x0
 *(.dynbss)
 *(.bss .bss.* .gnu.linkonce.b.*)
 *(COMMON)
                0x0000000003033310                . = ALIGN ((. != 0x0)?0x4:0x1)
                0x0000000003033310                . = ALIGN (0x4)
                0x0000000003033310                . = SEGMENT_START ("ldata-segment", .)
                0x0000000003033310                . = ALIGN (0x4)
                0x0000000003033310                _end = .
                [!provide]                        PROVIDE (end = .)
                0x0000000003033310                . = DATA_SEGMENT_END (.)

.stab
 *(.stab)

.stabstr
 *(.stabstr)

.stab.excl
 *(.stab.excl)

.stab.exclstr
 *(.stab.exclstr)

.stab.index
 *(.stab.index)

.stab.indexstr
 *(.stab.indexstr)

.comment
 *(.comment)

.options        0x0000000000000000       0x20
 .options       0x0000000000000000       0x20 build/jp/actors/common1.o

.gnu.build.attributes
 *(.gnu.build.attributes .gnu.build.attributes.*)

.debug
 *(.debug)

.line
 *(.line)

.debug_srcinfo
 *(.debug_srcinfo)

.debug_sfnames
 *(.debug_sfnames)

.debug_aranges
 *(.debug_aranges)

.debug_pubnames
 *(.debug_pubnames)

.debug_info
 *(.debug_info .gnu.linkonce.wi.*)

.debug_abbrev
 *(.debug_abbrev)

.debug_line
 *(.debug_line .debug_line.* .debug_line_end)

.debug_frame
 *(.debug_frame)

.debug_str
 *(.debug_str)

.debug_loc
 *(.debug_loc)

.debug_macinfo
 *(.debug_macinfo)

.debug_weaknames
 *(.debug_weaknames)

.debug_funcnames
 *(.debug_funcnames)

.debug_typenames
 *(.debug_typenames)

.debug_varnames
 *(.debug_varnames)

.debug_pubtypes
 *(.debug_pubtypes)

.debug_ranges
 *(.debug_ranges)

.debug_macro
 *(.debug_macro)

.debug_addr
 *(.debug_addr)

.gnu.attributes
 *(.gnu.attributes)

.gptab.sdata    0x0000000003033310      0x160
 *(.gptab.data)
 .gptab.data    0x0000000003033310      0x160 build/jp/actors/common1.o
 *(.gptab.sdata)

.gptab.sbss
 *(.gptab.bss)
 *(.gptab.sbss)

.mdebug.abi32
 *(.mdebug.abi32)

.mdebug.abiN32
 *(.mdebug.abiN32)

.mdebug.abi64
 *(.mdebug.abi64)

.mdebug.abiO64
 *(.mdebug.abiO64)

.mdebug.eabi32
 *(.mdebug.eabi32)

.mdebug.eabi64
 *(.mdebug.eabi64)

.gcc_compiled_long32
 *(.gcc_compiled_long32)

.gcc_compiled_long64
 *(.gcc_compiled_long64)

/DISCARD/
 *(.note.GNU-stack)
 *(.gnu_debuglink)
 *(.gnu.lto_*)
OUTPUT(build/jp/actors/common1.elf elf32-tradbigmips)

.mdebug         0x0000000000000000     0xf3a4
 .mdebug        0x0000000000000000    0x12488 build/jp/actors/common1.o
