
Memory Configuration

Name             Origin             Length             Attributes
*default*        0x0000000000000000 0xffffffffffffffff

Linker script and memory map

Address of section .text set to 0x6000000
LOAD build/jp/actors/group14.o
                [!provide]                        PROVIDE (__executable_start = SEGMENT_START ("text-segment", 0x400000))
                0x0000000000400094                . = (SEGMENT_START ("text-segment", 0x400000) + SIZEOF_HEADERS)

.interp
 *(.interp)

.MIPS.abiflags
 *(.MIPS.abiflags)

.reginfo        0x0000000000400094       0x18
 *(.reginfo)
 .reginfo       0x0000000000400094       0x18 build/jp/actors/group14.o

.MIPS.xhash
 *(.MIPS.xhash)

.note.gnu.build-id
 *(.note.gnu.build-id)

.dynamic
 *(.dynamic)

.hash
 *(.hash)

.gnu.hash
 *(.gnu.hash)

.dynsym
 *(.dynsym)

.dynstr
 *(.dynstr)

.gnu.version
 *(.gnu.version)

.gnu.version_d
 *(.gnu.version_d)

.gnu.version_r
 *(.gnu.version_r)

.rel.dyn        0x00000000004000ac        0x0
 *(.rel.init)
 *(.rel.text .rel.text.* .rel.gnu.linkonce.t.*)
 *(.rel.fini)
 *(.rel.rodata .rel.rodata.* .rel.gnu.linkonce.r.*)
 *(.rel.data.rel.ro .rel.data.rel.ro.* .rel.gnu.linkonce.d.rel.ro.*)
 *(.rel.data .rel.data.* .rel.gnu.linkonce.d.*)
 *(.rel.tdata .rel.tdata.* .rel.gnu.linkonce.td.*)
 *(.rel.tbss .rel.tbss.* .rel.gnu.linkonce.tb.*)
 *(.rel.ctors)
 *(.rel.dtors)
 *(.rel.got)
 *(.rel.dyn)
 .rel.dyn       0x00000000004000ac        0x0 build/jp/actors/group14.o
 *(.rel.sdata .rel.sdata.* .rel.gnu.linkonce.s.*)
 *(.rel.sbss .rel.sbss.* .rel.gnu.linkonce.sb.*)
 *(.rel.sdata2 .rel.sdata2.* .rel.gnu.linkonce.s2.*)
 *(.rel.sbss2 .rel.sbss2.* .rel.gnu.linkonce.sb2.*)
 *(.rel.bss .rel.bss.* .rel.gnu.linkonce.b.*)
                [!provide]                        PROVIDE (__rel_iplt_start = .)
 *(.rel.iplt)
                [!provide]                        PROVIDE (__rel_iplt_end = .)

.rela.dyn       0x00000000004000ac        0x0
 *(.rela.init)
 *(.rela.text .rela.text.* .rela.gnu.linkonce.t.*)
 *(.rela.fini)
 *(.rela.rodata .rela.rodata.* .rela.gnu.linkonce.r.*)
 *(.rela.data .rela.data.* .rela.gnu.linkonce.d.*)
 *(.rela.tdata .rela.tdata.* .rela.gnu.linkonce.td.*)
 *(.rela.tbss .rela.tbss.* .rela.gnu.linkonce.tb.*)
 *(.rela.ctors)
 *(.rela.dtors)
 *(.rela.got)
 *(.rela.sdata .rela.sdata.* .rela.gnu.linkonce.s.*)
 *(.rela.sbss .rela.sbss.* .rela.gnu.linkonce.sb.*)
 *(.rela.sdata2 .rela.sdata2.* .rela.gnu.linkonce.s2.*)
 *(.rela.sbss2 .rela.sbss2.* .rela.gnu.linkonce.sb2.*)
 *(.rela.bss .rela.bss.* .rela.gnu.linkonce.b.*)
                [!provide]                        PROVIDE (__rela_iplt_start = .)
 *(.rela.iplt)
                [!provide]                        PROVIDE (__rela_iplt_end = .)

.rel.plt
 *(.rel.plt)

.rela.plt
 *(.rela.plt)

.init
 *(SORT_NONE(.init))

.text           0x0000000006000000        0x0
                0x0000000006000000                _ftext = .
 *(.text.unlikely .text.*_unlikely .text.unlikely.*)
 *(.text.exit .text.exit.*)
 *(.text.startup .text.startup.*)
 *(.text.hot .text.hot.*)
 *(SORT_BY_NAME(.text.sorted.*))
 *(.text .stub .text.* .gnu.linkonce.t.*)
 *(.gnu.warning)
 *(.mips16.fn.*)
 *(.mips16.call.*)

.fini
 *(SORT_NONE(.fini))
                [!provide]                        PROVIDE (__etext = .)
                [!provide]                        PROVIDE (_etext = .)
                [!provide]                        PROVIDE (etext = .)

.rodata
 *(.rodata .rodata.* .gnu.linkonce.r.*)

.rodata1
 *(.rodata1)

.sdata2
 *(.sdata2 .sdata2.* .gnu.linkonce.s2.*)

.sbss2
 *(.sbss2 .sbss2.* .gnu.linkonce.sb2.*)

.eh_frame_hdr
 *(.eh_frame_hdr)
 *(.eh_frame_entry .eh_frame_entry.*)

.eh_frame
 *(.eh_frame)
 *(.eh_frame.*)

.gcc_except_table
 *(.gcc_except_table .gcc_except_table.*)

.gnu_extab
 *(.gnu_extab*)

.exception_ranges
 *(.exception_ranges*)

.plt
 *(.plt)

.iplt
 *(.iplt)
                0x0000000006000000                . = DATA_SEGMENT_ALIGN (CONSTANT (MAXPAGESIZE), CONSTANT (COMMONPAGESIZE))

.eh_frame
 *(.eh_frame)
 *(.eh_frame.*)

.gnu_extab
 *(.gnu_extab)

.gcc_except_table
 *(.gcc_except_table .gcc_except_table.*)

.exception_ranges
 *(.exception_ranges*)

.tdata          0x0000000006000000        0x0
                [!provide]                        PROVIDE (__tdata_start = .)
 *(.tdata .tdata.* .gnu.linkonce.td.*)

.tbss
 *(.tbss .tbss.* .gnu.linkonce.tb.*)
 *(.tcommon)

.preinit_array  0x0000000006000000        0x0
                [!provide]                        PROVIDE (__preinit_array_start = .)
 *(.preinit_array)
                [!provide]                        PROVIDE (__preinit_array_end = .)

.init_array     0x0000000006000000        0x0
                [!provide]                        PROVIDE (__init_array_start = .)
 *(SORT_BY_INIT_PRIORITY(.init_array.*) SORT_BY_INIT_PRIORITY(.ctors.*))
 *(.init_array EXCLUDE_FILE(*crtend?.o *crtend.o *crtbegin?.o *crtbegin.o) .ctors)
                [!provide]                        PROVIDE (__init_array_end = .)

.fini_array     0x0000000006000000        0x0
                [!provide]                        PROVIDE (__fini_array_start = .)
 *(SORT_BY_INIT_PRIORITY(.fini_array.*) SORT_BY_INIT_PRIORITY(.dtors.*))
 *(.fini_array EXCLUDE_FILE(*crtend?.o *crtend.o *crtbegin?.o *crtbegin.o) .dtors)
                [!provide]                        PROVIDE (__fini_array_end = .)

.ctors
 *crtbegin.o(.ctors)
 *crtbegin?.o(.ctors)
 *(EXCLUDE_FILE(*crtend?.o *crtend.o) .ctors)
 *(SORT_BY_NAME(.ctors.*))
 *(.ctors)

.dtors
 *crtbegin.o(.dtors)
 *crtbegin?.o(.dtors)
 *(EXCLUDE_FILE(*crtend?.o *crtend.o) .dtors)
 *(SORT_BY_NAME(.dtors.*))
 *(.dtors)

.jcr
 *(.jcr)

.data.rel.ro
 *(.data.rel.ro.local* .gnu.linkonce.d.rel.ro.local.*)
 *(.data.rel.ro .data.rel.ro.* .gnu.linkonce.d.rel.ro.*)
                0x0000000006000000                . = DATA_SEGMENT_RELRO_END (., 0x0)

.got.plt
 *(.got.plt)

.data           0x0000000006000000    0x25190
                0x0000000006000000                _fdata = .
 *(.data .data.* .gnu.linkonce.d.*)
 .data          0x0000000006000000    0x25190 build/jp/actors/group14.o
                0x0000000006000968                koopa_flag_seg6_dl_06000968
                0x0000000006000a08                koopa_flag_seg6_dl_06000A08
                0x0000000006000ab8                koopa_flag_seg6_dl_06000AB8
                0x0000000006000ae8                koopa_flag_seg6_dl_06000AE8
                0x0000000006000b08                koopa_flag_seg6_dl_06000B08
                0x0000000006000bc0                koopa_flag_seg6_dl_06000BC0
                0x0000000006000bf8                koopa_flag_seg6_dl_06000BF8
                0x0000000006000ca8                koopa_flag_seg6_dl_06000CA8
                0x0000000006000ce0                koopa_flag_seg6_dl_06000CE0
                0x0000000006000d90                koopa_flag_seg6_dl_06000D90
                0x0000000006000db0                koopa_flag_seg6_dl_06000DB0
                0x0000000006000e20                koopa_flag_seg6_dl_06000E20
                0x0000000006000e38                koopa_flag_seg6_dl_06000E38
                0x0000000006001028                koopa_flag_seg6_anims_06001028
                0x00000000060022f0                poundable_pole_seg6_dl_060022F0
                0x0000000006002358                poundable_pole_seg6_dl_06002358
                0x0000000006002410                poundable_pole_seg6_dl_06002410
                0x0000000006002490                poundable_pole_collision_06002490
                0x0000000006007658                koopa_seg6_dl_06007658
                0x00000000060076b0                koopa_seg6_dl_060076B0
                0x0000000006007850                koopa_seg6_dl_06007850
                0x0000000006007970                koopa_seg6_dl_06007970
                0x0000000006007a60                koopa_seg6_dl_06007A60
                0x0000000006007aa0                koopa_seg6_dl_06007AA0
                0x0000000006007af8                koopa_seg6_dl_06007AF8
                0x0000000006007b20                koopa_seg6_dl_06007B20
                0x0000000006007fb8                koopa_seg6_dl_06007FB8
                0x0000000006008050                koopa_seg6_dl_06008050
                0x00000000060080f8                koopa_seg6_dl_060080F8
                0x0000000006008250                koopa_seg6_dl_06008250
                0x0000000006008530                koopa_seg6_dl_06008530
                0x00000000060085e8                koopa_seg6_dl_060085E8
                0x0000000006008640                koopa_seg6_dl_06008640
                0x00000000060086d0                koopa_seg6_dl_060086D0
                0x00000000060089b0                koopa_seg6_dl_060089B0
                0x0000000006008a68                koopa_seg6_dl_06008A68
                0x0000000006008ac0                koopa_seg6_dl_06008AC0
                0x0000000006008b50                koopa_seg6_dl_06008B50
                0x000000000600b6e0                koopa_seg6_dl_0600B6E0
                0x000000000600b838                koopa_seg6_dl_0600B838
                0x000000000600b8b8                koopa_seg6_dl_0600B8B8
                0x000000000600ba10                koopa_seg6_dl_0600BA10
                0x000000000600ba90                koopa_seg6_dl_0600BA90
                0x000000000600bc18                koopa_seg6_dl_0600BC18
                0x000000000600bc88                koopa_seg6_dl_0600BC88
                0x000000000600be10                koopa_seg6_dl_0600BE10
                0x000000000600be80                koopa_seg6_dl_0600BE80
                0x000000000600c240                koopa_seg6_dl_0600C240
                0x000000000600c498                koopa_seg6_dl_0600C498
                0x0000000006011364                koopa_seg6_anims_06011364
                0x0000000006015438                piranha_plant_seg6_dl_06015438
                0x0000000006015480                piranha_plant_seg6_dl_06015480
                0x0000000006015530                piranha_plant_seg6_dl_06015530
                0x0000000006015578                piranha_plant_seg6_dl_06015578
                0x0000000006015798                piranha_plant_seg6_dl_06015798
                0x0000000006015850                piranha_plant_seg6_dl_06015850
                0x0000000006015e40                piranha_plant_seg6_dl_06015E40
                0x0000000006015ea8                piranha_plant_seg6_dl_06015EA8
                0x0000000006015f68                piranha_plant_seg6_dl_06015F68
                0x0000000006016060                piranha_plant_seg6_dl_06016060
                0x00000000060160b0                piranha_plant_seg6_dl_060160B0
                0x0000000006016120                piranha_plant_seg6_dl_06016120
                0x0000000006016750                piranha_plant_seg6_dl_06016750
                0x00000000060167b8                piranha_plant_seg6_dl_060167B8
                0x0000000006016890                piranha_plant_seg6_dl_06016890
                0x0000000006016960                piranha_plant_seg6_dl_06016960
                0x00000000060169a8                piranha_plant_seg6_dl_060169A8
                0x00000000060169e8                piranha_plant_seg6_dl_060169E8
                0x0000000006016a78                piranha_plant_seg6_dl_06016A78
                0x0000000006016ba8                piranha_plant_seg6_dl_06016BA8
                0x0000000006016c10                piranha_plant_seg6_dl_06016C10
                0x0000000006016d30                piranha_plant_seg6_dl_06016D30
                0x0000000006016d98                piranha_plant_seg6_dl_06016D98
                0x0000000006016eb8                piranha_plant_seg6_dl_06016EB8
                0x0000000006016f20                piranha_plant_seg6_dl_06016F20
                0x000000000601c31c                piranha_plant_seg6_anims_0601C31C
                0x000000000601f4f8                whomp_seg6_dl_0601F4F8
                0x000000000601f570                whomp_seg6_dl_0601F570
                0x000000000601f5a8                whomp_seg6_dl_0601F5A8
                0x000000000601f5e0                whomp_seg6_dl_0601F5E0
                0x000000000601f7f0                whomp_seg6_dl_0601F7F0
                0x000000000601f880                whomp_seg6_dl_0601F880
                0x000000000601fa58                whomp_seg6_dl_0601FA58
                0x000000000601fae8                whomp_seg6_dl_0601FAE8
                0x000000000601fb88                whomp_seg6_dl_0601FB88
                0x000000000601fbc0                whomp_seg6_dl_0601FBC0
                0x000000000601fc70                whomp_seg6_dl_0601FC70
                0x000000000601fca8                whomp_seg6_dl_0601FCA8
                0x000000000601fe10                whomp_seg6_dl_0601FE10
                0x000000000601fea8                whomp_seg6_dl_0601FEA8
                0x000000000601ffa0                whomp_seg6_dl_0601FFA0
                0x0000000006020038                whomp_seg6_dl_06020038
                0x0000000006020a04                whomp_seg6_anims_06020A04
                0x0000000006020a0c                whomp_seg6_collision_06020A0C
                0x00000000060212e8                chain_ball_seg6_dl_060212E8
                0x0000000006024000                chain_chomp_seg6_dl_06024000
                0x0000000006024040                chain_chomp_seg6_dl_06024040
                0x0000000006024240                chain_chomp_seg6_dl_06024240
                0x0000000006024700                chain_chomp_seg6_dl_06024700
                0x0000000006024900                chain_chomp_seg6_dl_06024900
                0x0000000006024940                chain_chomp_seg6_dl_06024940
                0x0000000006024aa8                chain_chomp_seg6_dl_06024AA8
                0x0000000006024b00                chain_chomp_seg6_dl_06024B00
                0x0000000006024cf0                chain_chomp_seg6_dl_06024CF0
                0x0000000006024d60                chain_chomp_seg6_dl_06024D60
                0x0000000006024f50                chain_chomp_seg6_dl_06024F50
                0x0000000006024fc0                chain_chomp_seg6_dl_06024FC0
                0x0000000006025178                chain_chomp_seg6_anims_06025178

.data1
 *(.data1)
                0x0000000006025190                . = .
                0x000000000602d180                _gp = (ALIGN (0x10) + 0x7ff0)

.got
 *(.got)

.sdata
 *(.sdata .sdata.* .gnu.linkonce.s.*)

.lit8
 *(.lit8)

.lit4
 *(.lit4)
                0x0000000006025190                _edata = .
                [!provide]                        PROVIDE (edata = .)
                0x0000000006025190                . = .
                0x0000000006025190                __bss_start = .
                0x0000000006025190                _fbss = .

.sbss
 *(.dynsbss)
 *(.sbss .sbss.* .gnu.linkonce.sb.*)
 *(.scommon)

.bss            0x0000000006025190        0x0
 *(.dynbss)
 *(.bss .bss.* .gnu.linkonce.b.*)
 *(COMMON)
                0x0000000006025190                . = ALIGN ((. != 0x0)?0x4:0x1)
                0x0000000006025190                . = ALIGN (0x4)
                0x0000000006025190                . = SEGMENT_START ("ldata-segment", .)
                0x0000000006025190                . = ALIGN (0x4)
                0x0000000006025190                _end = .
                [!provide]                        PROVIDE (end = .)
                0x0000000006025190                . = DATA_SEGMENT_END (.)

.stab
 *(.stab)

.stabstr
 *(.stabstr)

.stab.excl
 *(.stab.excl)

.stab.exclstr
 *(.stab.exclstr)

.stab.index
 *(.stab.index)

.stab.indexstr
 *(.stab.indexstr)

.comment
 *(.comment)

.options        0x0000000000000000       0x20
 .options       0x0000000000000000       0x20 build/jp/actors/group14.o

.gnu.build.attributes
 *(.gnu.build.attributes .gnu.build.attributes.*)

.debug
 *(.debug)

.line
 *(.line)

.debug_srcinfo
 *(.debug_srcinfo)

.debug_sfnames
 *(.debug_sfnames)

.debug_aranges
 *(.debug_aranges)

.debug_pubnames
 *(.debug_pubnames)

.debug_info
 *(.debug_info .gnu.linkonce.wi.*)

.debug_abbrev
 *(.debug_abbrev)

.debug_line
 *(.debug_line .debug_line.* .debug_line_end)

.debug_frame
 *(.debug_frame)

.debug_str
 *(.debug_str)

.debug_loc
 *(.debug_loc)

.debug_macinfo
 *(.debug_macinfo)

.debug_weaknames
 *(.debug_weaknames)

.debug_funcnames
 *(.debug_funcnames)

.debug_typenames
 *(.debug_typenames)

.debug_varnames
 *(.debug_varnames)

.debug_pubtypes
 *(.debug_pubtypes)

.debug_ranges
 *(.debug_ranges)

.debug_macro
 *(.debug_macro)

.debug_addr
 *(.debug_addr)

.gnu.attributes
 *(.gnu.attributes)

.gptab.sdata    0x0000000006025190      0x230
 *(.gptab.data)
 .gptab.data    0x0000000006025190      0x230 build/jp/actors/group14.o
 *(.gptab.sdata)

.gptab.sbss
 *(.gptab.bss)
 *(.gptab.sbss)

.mdebug.abi32
 *(.mdebug.abi32)

.mdebug.abiN32
 *(.mdebug.abiN32)

.mdebug.abi64
 *(.mdebug.abi64)

.mdebug.abiO64
 *(.mdebug.abiO64)

.mdebug.eabi32
 *(.mdebug.eabi32)

.mdebug.eabi64
 *(.mdebug.eabi64)

.gcc_compiled_long32
 *(.gcc_compiled_long32)

.gcc_compiled_long64
 *(.gcc_compiled_long64)

/DISCARD/
 *(.note.GNU-stack)
 *(.gnu_debuglink)
 *(.gnu.lto_*)
OUTPUT(build/jp/actors/group14.elf elf32-tradbigmips)

.mdebug         0x0000000000000000    0x10100
 .mdebug        0x0000000000000000    0x13554 build/jp/actors/group14.o
