
Memory Configuration

Name             Origin             Length             Attributes
*default*        0x0000000000000000 0xffffffffffffffff

Linker script and memory map

Address of section .text set to 0x5000000
LOAD build/jp/actors/group9.o
                [!provide]                        PROVIDE (__executable_start = SEGMENT_START ("text-segment", 0x400000))
                0x0000000000400094                . = (SEGMENT_START ("text-segment", 0x400000) + SIZEOF_HEADERS)

.interp
 *(.interp)

.MIPS.abiflags
 *(.MIPS.abiflags)

.reginfo        0x0000000000400094       0x18
 *(.reginfo)
 .reginfo       0x0000000000400094       0x18 build/jp/actors/group9.o

.MIPS.xhash
 *(.MIPS.xhash)

.note.gnu.build-id
 *(.note.gnu.build-id)

.dynamic
 *(.dynamic)

.hash
 *(.hash)

.gnu.hash
 *(.gnu.hash)

.dynsym
 *(.dynsym)

.dynstr
 *(.dynstr)

.gnu.version
 *(.gnu.version)

.gnu.version_d
 *(.gnu.version_d)

.gnu.version_r
 *(.gnu.version_r)

.rel.dyn        0x00000000004000ac        0x0
 *(.rel.init)
 *(.rel.text .rel.text.* .rel.gnu.linkonce.t.*)
 *(.rel.fini)
 *(.rel.rodata .rel.rodata.* .rel.gnu.linkonce.r.*)
 *(.rel.data.rel.ro .rel.data.rel.ro.* .rel.gnu.linkonce.d.rel.ro.*)
 *(.rel.data .rel.data.* .rel.gnu.linkonce.d.*)
 *(.rel.tdata .rel.tdata.* .rel.gnu.linkonce.td.*)
 *(.rel.tbss .rel.tbss.* .rel.gnu.linkonce.tb.*)
 *(.rel.ctors)
 *(.rel.dtors)
 *(.rel.got)
 *(.rel.dyn)
 .rel.dyn       0x00000000004000ac        0x0 build/jp/actors/group9.o
 *(.rel.sdata .rel.sdata.* .rel.gnu.linkonce.s.*)
 *(.rel.sbss .rel.sbss.* .rel.gnu.linkonce.sb.*)
 *(.rel.sdata2 .rel.sdata2.* .rel.gnu.linkonce.s2.*)
 *(.rel.sbss2 .rel.sbss2.* .rel.gnu.linkonce.sb2.*)
 *(.rel.bss .rel.bss.* .rel.gnu.linkonce.b.*)
                [!provide]                        PROVIDE (__rel_iplt_start = .)
 *(.rel.iplt)
                [!provide]                        PROVIDE (__rel_iplt_end = .)

.rela.dyn       0x00000000004000ac        0x0
 *(.rela.init)
 *(.rela.text .rela.text.* .rela.gnu.linkonce.t.*)
 *(.rela.fini)
 *(.rela.rodata .rela.rodata.* .rela.gnu.linkonce.r.*)
 *(.rela.data .rela.data.* .rela.gnu.linkonce.d.*)
 *(.rela.tdata .rela.tdata.* .rela.gnu.linkonce.td.*)
 *(.rela.tbss .rela.tbss.* .rela.gnu.linkonce.tb.*)
 *(.rela.ctors)
 *(.rela.dtors)
 *(.rela.got)
 *(.rela.sdata .rela.sdata.* .rela.gnu.linkonce.s.*)
 *(.rela.sbss .rela.sbss.* .rela.gnu.linkonce.sb.*)
 *(.rela.sdata2 .rela.sdata2.* .rela.gnu.linkonce.s2.*)
 *(.rela.sbss2 .rela.sbss2.* .rela.gnu.linkonce.sb2.*)
 *(.rela.bss .rela.bss.* .rela.gnu.linkonce.b.*)
                [!provide]                        PROVIDE (__rela_iplt_start = .)
 *(.rela.iplt)
                [!provide]                        PROVIDE (__rela_iplt_end = .)

.rel.plt
 *(.rel.plt)

.rela.plt
 *(.rela.plt)

.init
 *(SORT_NONE(.init))

.text           0x0000000005000000        0x0
                0x0000000005000000                _ftext = .
 *(.text.unlikely .text.*_unlikely .text.unlikely.*)
 *(.text.exit .text.exit.*)
 *(.text.startup .text.startup.*)
 *(.text.hot .text.hot.*)
 *(SORT_BY_NAME(.text.sorted.*))
 *(.text .stub .text.* .gnu.linkonce.t.*)
 *(.gnu.warning)
 *(.mips16.fn.*)
 *(.mips16.call.*)

.fini
 *(SORT_NONE(.fini))
                [!provide]                        PROVIDE (__etext = .)
                [!provide]                        PROVIDE (_etext = .)
                [!provide]                        PROVIDE (etext = .)

.rodata
 *(.rodata .rodata.* .gnu.linkonce.r.*)

.rodata1
 *(.rodata1)

.sdata2
 *(.sdata2 .sdata2.* .gnu.linkonce.s2.*)

.sbss2
 *(.sbss2 .sbss2.* .gnu.linkonce.sb2.*)

.eh_frame_hdr
 *(.eh_frame_hdr)
 *(.eh_frame_entry .eh_frame_entry.*)

.eh_frame
 *(.eh_frame)
 *(.eh_frame.*)

.gcc_except_table
 *(.gcc_except_table .gcc_except_table.*)

.gnu_extab
 *(.gnu_extab*)

.exception_ranges
 *(.exception_ranges*)

.plt
 *(.plt)

.iplt
 *(.iplt)
                0x0000000005000000                . = DATA_SEGMENT_ALIGN (CONSTANT (MAXPAGESIZE), CONSTANT (COMMONPAGESIZE))

.eh_frame
 *(.eh_frame)
 *(.eh_frame.*)

.gnu_extab
 *(.gnu_extab)

.gcc_except_table
 *(.gcc_except_table .gcc_except_table.*)

.exception_ranges
 *(.exception_ranges*)

.tdata          0x0000000005000000        0x0
                [!provide]                        PROVIDE (__tdata_start = .)
 *(.tdata .tdata.* .gnu.linkonce.td.*)

.tbss
 *(.tbss .tbss.* .gnu.linkonce.tb.*)
 *(.tcommon)

.preinit_array  0x0000000005000000        0x0
                [!provide]                        PROVIDE (__preinit_array_start = .)
 *(.preinit_array)
                [!provide]                        PROVIDE (__preinit_array_end = .)

.init_array     0x0000000005000000        0x0
                [!provide]                        PROVIDE (__init_array_start = .)
 *(SORT_BY_INIT_PRIORITY(.init_array.*) SORT_BY_INIT_PRIORITY(.ctors.*))
 *(.init_array EXCLUDE_FILE(*crtend?.o *crtend.o *crtbegin?.o *crtbegin.o) .ctors)
                [!provide]                        PROVIDE (__init_array_end = .)

.fini_array     0x0000000005000000        0x0
                [!provide]                        PROVIDE (__fini_array_start = .)
 *(SORT_BY_INIT_PRIORITY(.fini_array.*) SORT_BY_INIT_PRIORITY(.dtors.*))
 *(.fini_array EXCLUDE_FILE(*crtend?.o *crtend.o *crtbegin?.o *crtbegin.o) .dtors)
                [!provide]                        PROVIDE (__fini_array_end = .)

.ctors
 *crtbegin.o(.ctors)
 *crtbegin?.o(.ctors)
 *(EXCLUDE_FILE(*crtend?.o *crtend.o) .ctors)
 *(SORT_BY_NAME(.ctors.*))
 *(.ctors)

.dtors
 *crtbegin.o(.dtors)
 *crtbegin?.o(.dtors)
 *(EXCLUDE_FILE(*crtend?.o *crtend.o) .dtors)
 *(SORT_BY_NAME(.dtors.*))
 *(.dtors)

.jcr
 *(.jcr)

.data.rel.ro
 *(.data.rel.ro.local* .gnu.linkonce.d.rel.ro.local.*)
 *(.data.rel.ro .data.rel.ro.* .gnu.linkonce.d.rel.ro.*)
                0x0000000005000000                . = DATA_SEGMENT_RELRO_END (., 0x0)

.got.plt
 *(.got.plt)

.data           0x0000000005000000    0x10180
                0x0000000005000000                _fdata = .
 *(.data .data.* .gnu.linkonce.d.*)
 .data          0x0000000005000000    0x10180 build/jp/actors/group9.o
                0x00000000050018f8                bookend_seg5_dl_050018F8
                0x0000000005001940                bookend_seg5_dl_05001940
                0x0000000005001978                bookend_seg5_dl_05001978
                0x0000000005001aa0                bookend_seg5_dl_05001AA0
                0x0000000005001ae8                bookend_seg5_dl_05001AE8
                0x0000000005001b20                bookend_seg5_dl_05001B20
                0x0000000005001cc8                bookend_seg5_dl_05001CC8
                0x0000000005001d10                bookend_seg5_dl_05001D10
                0x0000000005001d68                bookend_seg5_dl_05001D68
                0x0000000005001ef8                bookend_seg5_dl_05001EF8
                0x0000000005001f40                bookend_seg5_dl_05001F40
                0x0000000005001f98                bookend_seg5_dl_05001F98
                0x00000000050020e8                bookend_seg5_dl_050020E8
                0x0000000005002140                bookend_seg5_dl_05002140
                0x0000000005002288                bookend_seg5_dl_05002288
                0x00000000050022e0                bookend_seg5_dl_050022E0
                0x0000000005002540                bookend_seg5_anims_05002540
                0x0000000005002ef0                book_seg5_dl_05002EF0
                0x0000000005002f58                book_seg5_dl_05002F58
                0x0000000005002fb0                book_seg5_dl_05002FB0
                0x0000000005004e38                chair_seg5_dl_05004E38
                0x0000000005004ee8                chair_seg5_dl_05004EE8
                0x00000000050050f0                chair_seg5_dl_050050F0
                0x0000000005005190                chair_seg5_dl_05005190
                0x0000000005005378                chair_seg5_dl_05005378
                0x0000000005005408                chair_seg5_dl_05005408
                0x00000000050055f0                chair_seg5_dl_050055F0
                0x0000000005005680                chair_seg5_dl_05005680
                0x0000000005005784                chair_seg5_anims_05005784
                0x0000000005006700                small_key_seg5_dl_05006700
                0x0000000005006a08                small_key_seg5_dl_05006A08
                0x0000000005006a28                small_key_seg5_dl_05006A28
                0x0000000005006a48                small_key_seg5_dl_05006A48
                0x0000000005006a68                small_key_seg5_dl_05006A68
                0x0000000005008b68                mad_piano_seg5_dl_05008B68
                0x0000000005008bd0                mad_piano_seg5_dl_05008BD0
                0x0000000005008cb0                mad_piano_seg5_dl_05008CB0
                0x0000000005009590                mad_piano_seg5_dl_05009590
                0x00000000050096c8                mad_piano_seg5_dl_050096C8
                0x00000000050097b0                mad_piano_seg5_dl_050097B0
                0x00000000050097f8                mad_piano_seg5_dl_050097F8
                0x0000000005009840                mad_piano_seg5_dl_05009840
                0x0000000005009888                mad_piano_seg5_dl_05009888
                0x00000000050098e8                mad_piano_seg5_dl_050098E8
                0x0000000005009b14                mad_piano_seg5_anims_05009B14
                0x000000000500bee0                boo_seg5_dl_0500BEE0
                0x000000000500bf48                boo_seg5_dl_0500BF48
                0x000000000500bfa0                boo_seg5_dl_0500BFA0
                0x000000000500c1b0                boo_seg5_dl_0500C1B0
                0x000000000500f4c8                haunted_cage_seg5_dl_0500F4C8
                0x000000000500f660                haunted_cage_seg5_dl_0500F660
                0x000000000500f760                haunted_cage_seg5_dl_0500F760
                0x000000000500f7d8                haunted_cage_seg5_dl_0500F7D8
                0x000000000500fb40                haunted_cage_seg5_dl_0500FB40
                0x000000000500fc28                haunted_cage_seg5_dl_0500FC28
                0x000000000500fff0                haunted_cage_seg5_dl_0500FFF0
                0x0000000005010100                haunted_cage_seg5_dl_05010100

.data1
 *(.data1)
                0x0000000005010180                . = .
                0x0000000005018170                _gp = (ALIGN (0x10) + 0x7ff0)

.got
 *(.got)

.sdata
 *(.sdata .sdata.* .gnu.linkonce.s.*)

.lit8
 *(.lit8)

.lit4
 *(.lit4)
                0x0000000005010180                _edata = .
                [!provide]                        PROVIDE (edata = .)
                0x0000000005010180                . = .
                0x0000000005010180                __bss_start = .
                0x0000000005010180                _fbss = .

.sbss
 *(.dynsbss)
 *(.sbss .sbss.* .gnu.linkonce.sb.*)
 *(.scommon)

.bss            0x0000000005010180        0x0
 *(.dynbss)
 *(.bss .bss.* .gnu.linkonce.b.*)
 *(COMMON)
                0x0000000005010180                . = ALIGN ((. != 0x0)?0x4:0x1)
                0x0000000005010180                . = ALIGN (0x4)
                0x0000000005010180                . = SEGMENT_START ("ldata-segment", .)
                0x0000000005010180                . = ALIGN (0x4)
                0x0000000005010180                _end = .
                [!provide]                        PROVIDE (end = .)
                0x0000000005010180                . = DATA_SEGMENT_END (.)

.stab
 *(.stab)

.stabstr
 *(.stabstr)

.stab.excl
 *(.stab.excl)

.stab.exclstr
 *(.stab.exclstr)

.stab.index
 *(.stab.index)

.stab.indexstr
 *(.stab.indexstr)

.comment
 *(.comment)

.options        0x0000000000000000       0x20
 .options       0x0000000000000000       0x20 build/jp/actors/group9.o

.gnu.build.attributes
 *(.gnu.build.attributes .gnu.build.attributes.*)

.debug
 *(.debug)

.line
 *(.line)

.debug_srcinfo
 *(.debug_srcinfo)

.debug_sfnames
 *(.debug_sfnames)

.debug_aranges
 *(.debug_aranges)

.debug_pubnames
 *(.debug_pubnames)

.debug_info
 *(.debug_info .gnu.linkonce.wi.*)

.debug_abbrev
 *(.debug_abbrev)

.debug_line
 *(.debug_line .debug_line.* .debug_line_end)

.debug_frame
 *(.debug_frame)

.debug_str
 *(.debug_str)

.debug_loc
 *(.debug_loc)

.debug_macinfo
 *(.debug_macinfo)

.debug_weaknames
 *(.debug_weaknames)

.debug_funcnames
 *(.debug_funcnames)

.debug_typenames
 *(.debug_typenames)

.debug_varnames
 *(.debug_varnames)

.debug_pubtypes
 *(.debug_pubtypes)

.debug_ranges
 *(.debug_ranges)

.debug_macro
 *(.debug_macro)

.debug_addr
 *(.debug_addr)

.gnu.attributes
 *(.gnu.attributes)

.gptab.sdata    0x0000000005010180      0x130
 *(.gptab.data)
 .gptab.data    0x0000000005010180      0x130 build/jp/actors/group9.o
 *(.gptab.sdata)

.gptab.sbss
 *(.gptab.bss)
 *(.gptab.sbss)

.mdebug.abi32
 *(.mdebug.abi32)

.mdebug.abiN32
 *(.mdebug.abiN32)

.mdebug.abi64
 *(.mdebug.abi64)

.mdebug.abiO64
 *(.mdebug.abiO64)

.mdebug.eabi32
 *(.mdebug.eabi32)

.mdebug.eabi64
 *(.mdebug.eabi64)

.gcc_compiled_long32
 *(.gcc_compiled_long32)

.gcc_compiled_long64
 *(.gcc_compiled_long64)

/DISCARD/
 *(.note.GNU-stack)
 *(.gnu_debuglink)
 *(.gnu.lto_*)
OUTPUT(build/jp/actors/group9.elf elf32-tradbigmips)

.mdebug         0x0000000000000000     0xbb8c
 .mdebug        0x0000000000000000     0xdf54 build/jp/actors/group9.o
