Archive member included to satisfy reference by file (symbol)

build/jp/libultra.a(bcopy.o)  build/jp/src/game/save_file.o (bcopy)
build/jp/libultra.a(osWritebackDCacheAll.o)
                              build/jp/src/game/main.o (osWritebackDCacheAll)
build/jp/libultra.a(parameters.o)
                              build/jp/src/buffers/zbuffer.o (osTvType)
build/jp/libultra.a(bzero.o)  build/jp/src/game/memory.o (bzero)
build/jp/libultra.a(osInvalDCache.o)
                              build/jp/src/game/memory.o (osInvalDCache)
build/jp/libultra.a(sqrtf.o)  build/jp/src/game/game_init.o (sqrtf)
build/jp/libultra.a(osUnmapTLBAll.o)
                              build/jp/src/game/main.o (osUnmapTLBAll)
build/jp/libultra.a(osInvalICache.o)
                              build/jp/src/game/memory.o (osInvalICache)
build/jp/libultra.a(osMapTLB.o)
                              build/jp/src/game/main.o (osMapTLB)
build/jp/libultra.a(osWritebackDCache.o)
                              build/jp/src/audio/playback.o (osWritebackDCache)
build/jp/libultra.a(osPiStartDma.o)
                              build/jp/src/game/memory.o (osPiStartDma)
build/jp/libultra.a(guOrthoF.o)
                              build/jp/src/game/rendering_graph_node.o (guOrtho)
build/jp/libultra.a(osViSetMode.o)
                              build/jp/src/game/main.o (osViSetMode)
build/jp/libultra.a(osContStartReadData.o)
                              build/jp/src/game/game_init.o (osContStartReadData)
build/jp/libultra.a(osViTable.o)
                              build/jp/src/buffers/zbuffer.o (osViModeTable)
build/jp/libultra.a(osViSwapBuffer.o)
                              build/jp/src/game/game_init.o (osViSwapBuffer)
build/jp/libultra.a(osEepromLongRead.o)
                              build/jp/src/game/save_file.o (osEepromLongRead)
build/jp/libultra.a(osSetEventMesg.o)
                              build/jp/src/game/main.o (osSetEventMesg)
build/jp/libultra.a(__osViInit.o)
                              build/jp/libultra.a(osViSetMode.o) (__osViNext)
build/jp/libultra.a(__osSiRawStartDma.o)
                              build/jp/libultra.a(osContStartReadData.o) (__osSiRawStartDma)
build/jp/libultra.a(osCreateViManager.o)
                              build/jp/src/game/main.o (osCreateViManager)
build/jp/libultra.a(osSetThreadPri.o)
                              build/jp/src/game/main.o (osSetThreadPri)
build/jp/libultra.a(osViData.o)
                              build/jp/libultra.a(__osViInit.o) (D_80334990)
build/jp/libultra.a(guRotateF.o)
                              build/jp/src/game/paintings.o (guRotate)
build/jp/libultra.a(__osSiCreateAccessQueue.o)
                              build/jp/libultra.a(osContStartReadData.o) (__osSiGetAccess)
build/jp/libultra.a(osGetThreadPri.o)
                              build/jp/libultra.a(osCreateViManager.o) (osGetThreadPri)
build/jp/libultra.a(osJamMesg.o)
                              build/jp/libultra.a(osPiStartDma.o) (osJamMesg)
build/jp/libultra.a(osSetTimer.o)
                              build/jp/libultra.a(osEepromLongRead.o) (osSetTimer)
build/jp/libultra.a(osCreateMesgQueue.o)
                              build/jp/src/game/main.o (osCreateMesgQueue)
build/jp/libultra.a(osTimer.o)
                              build/jp/libultra.a(osSetTimer.o) (D_80334830)
build/jp/libultra.a(guMtxF2L.o)
                              build/jp/libultra.a(guOrthoF.o) (guMtxF2L)
build/jp/libultra.a(osEepromProbe.o)
                              build/jp/src/game/game_init.o (osEepromProbe)
build/jp/libultra.a(osSpTaskYielded.o)
                              build/jp/src/game/main.o (osSpTaskYielded)
build/jp/libultra.a(osCreateThread.o)
                              build/jp/src/game/main.o (osCreateThread)
build/jp/libultra.a(osViBlack.o)
                              build/jp/src/game/main.o (osViBlack)
build/jp/libultra.a(guTranslateF.o)
                              build/jp/src/game/paintings.o (guTranslate)
build/jp/libultra.a(osAiSetNextBuffer.o)
                              build/jp/src/audio/external.o (osAiSetNextBuffer)
build/jp/libultra.a(guNormalize.o)
                              build/jp/libultra.a(guRotateF.o) (guNormalize)
build/jp/libultra.a(osRecvMesg.o)
                              build/jp/src/game/main.o (osRecvMesg)
build/jp/libultra.a(osStartThread.o)
                              build/jp/src/game/main.o (osStartThread)
build/jp/libultra.a(alBnkfNew.o)
                              build/jp/src/audio/load.o (alSeqFileNew)
build/jp/libultra.a(guScaleF.o)
                              build/jp/src/game/paintings.o (guScale)
build/jp/libultra.a(__osViGetCurrentContext.o)
                              build/jp/libultra.a(osCreateViManager.o) (__osViGetCurrentContext)
build/jp/libultra.a(osSpTaskYield.o)
                              build/jp/src/game/main.o (osSpTaskYield)
build/jp/libultra.a(osAiSetFrequency.o)
[...]
Memory Configuration

Name             Origin             Length             Attributes
*default*        0x0000000000000000 0xffffffffffffffff

Linker script and memory map

                0x0000000080000000                EXCEPTION_TLB_MISS = 0x80000000
                0x00000000a4000000                SP_DMEM = 0xa4000000
                0x00000000a40004c0                SP_DMEM_UNK0 = 0xa40004c0
                0x00000000a4000774                SP_DMEM_UNK1 = 0xa4000774
                0x00000000a4001000                SP_IMEM = 0xa4001000
                0x00000000a4040010                SP_STATUS_REG = 0xa4040010
                0x00000000a4080000                SP_PC = 0xa4080000
                0x00000000a4300000                MI_MODE_REG = 0xa4300000
                0x00000000a4300004                MI_VERSION_REG = 0xa4300004
                0x00000000a4300008                MI_INTR_REG = 0xa4300008
                0x00000000a430000c                MI_INTR_MASK_REG = 0xa430000c
                0x00000000a4400010                VI_CURRENT_REG = 0xa4400010
                0x00000000a450000c                AI_STATUS_REG = 0xa450000c
                0x00000000a4600000                PI_DRAM_ADDR_REG = 0xa4600000
                0x00000000a4600004                PI_CART_ADDR_REG = 0xa4600004
                0x00000000a460000c                PI_WR_LEN_REG = 0xa460000c
                0x00000000a4600010                PI_STATUS_REG = 0xa4600010
                0x00000000a4600014                PI_BSD_DOM1_LAT_REG = 0xa4600014
                0x00000000a4600018                PI_BSD_DOM1_PWD_REG = 0xa4600018
                0x00000000a460001c                PI_BSD_DOM1_PGS_REG = 0xa460001c
                0x00000000a4600020                PI_BSD_DOM1_RLS_REG = 0xa4600020
                0x00000000a4700000                RI_MODE_REG = 0xa4700000
                0x00000000a4700010                RI_REFRESH_REG = 0xa4700010
                0x00000000a4800018                SI_STATUS_REG = 0xa4800018
                0x00000000b0000008                D_B0000008 = 0xb0000008
                0x00000000b0000010                D_B0000010 = 0xb0000010
                0x00000000b0000014                D_B0000014 = 0xb0000014
                0x00000000c0000000                D_C0000000 = 0xc0000000
                0x00000000c0000008                D_C0000008 = 0xc0000008
                0x00000000c000000c                D_C000000C = 0xc000000c
                0x000000000075e2a0                __romPos = 0x0
                0x0000000004000000                _bootSegmentStart = ADDR (.boot)
                0x0000000000000000                _bootSegmentRomStart = __romPos

.boot           0x0000000004000000     0x1000 load address 0x0000000000000000
 build/jp/asm/rom_header.o(.text)
 .text          0x0000000004000000       0x40 build/jp/asm/rom_header.o
 build/jp/asm/boot.o(.text)
 .text          0x0000000004000040      0xfc0 build/jp/asm/boot.o
                0x0000000004000040                ipl3_entry
                0x0000000004000b70                ipl3_font
                0x0000000004001000                _bootSegmentEnd = (ADDR (.boot) + SIZEOF (.boot))
                0x0000000000001000                _bootSegmentRomEnd = (__romPos + SIZEOF (.boot))
                0x000000000075e2a0                __romPos = (__romPos + SIZEOF (.boot))
                0x0000000080000400                . = 0x80000400
                0x0000000080000400                _zbufferSegmentNoloadStart = ADDR (.zbuffer.noload)

.zbuffer.noload
                0x0000000080000400    0x25800 load address 0x000000007c000400
 build/jp/src/buffers/zbuffer.o(.bss*)
 .bss           0x0000000080000400    0x25800 build/jp/src/buffers/zbuffer.o
                0x0000000080000400                gZBuffer
                0x0000000080246000                _mainSegmentStart = ADDR (.main)
                0x0000000000001000                _mainSegmentRomStart = __romPos

.main           0x0000000080246000    0xf3000 load address 0x0000000000001000
 build/jp/asm/entry.o(.text)
 .text          0x0000000080246000       0x50 build/jp/asm/entry.o
                0x0000000080246000                entry_point
 build/jp/src/game/crash_screen.o(.text)
 build/jp/src/game/main.o(.text)
 .text          0x0000000080246050      0xdf0 build/jp/src/game/main.o
                0x0000000080246050                handle_debug_key_sequences
                0x0000000080246170                unknown_main_func
                0x00000000802461cc                stub_main_1
                0x00000000802461dc                stub_main_2
                0x00000000802461ec                stub_main_3
                0x00000000802461fc                setup_mesg_queues
                0x00000000802462e0                alloc_pool
                0x0000000080246338                create_thread
                0x000000008024639c                handle_nmi_request
                0x00000000802463ec                receive_new_tasks
                0x000000008024651c                start_sptask
                0x000000008024659c                interrupt_gfx_sptask
                0x00000000802465ec                start_gfx_sptask
                0x0000000080246648                pretend_audio_sptask_done
                0x000000008024669c                handle_vblank
                0x00000000802467fc                handle_sp_complete
                0x000000008024694c                handle_dp_complete
                0x00000000802469b8                thread3_main
                0x0000000080246b14                set_vblank_handler
                0x0000000080246b74                send_sp_task_message
                0x0000000080246bb4                dispatch_audio_sptask
                0x0000000080246c10                send_display_list
                0x0000000080246c9c                turn_on_audio
                0x0000000080246cb8                turn_off_audio
                0x0000000080246cf0                thread1_idle
                0x0000000080246dc4                main_func
 build/jp/src/game/game_init.o(.text)
 .text          0x0000000080246e40     0x1dd0 build/jp/src/game/game_init.o
                0x0000000080246e40                my_rdp_init
                0x0000000080247174                my_rsp_init
                0x0000000080247254                clear_z_buffer
                0x0000000080247398                display_frame_buffer
                0x0000000080247488                clear_frame_buffer
                0x00000000802475f0                clear_viewport
                0x000000008024781c                draw_screen_borders
                0x000000008024798c                make_viewport_clip_rect
                0x0000000080247b0c                create_task_structure
                0x0000000080247c9c                init_render_image
                0x0000000080247ce4                end_master_display_list
                0x0000000080247d84                draw_reset_bars
                0x0000000080247ed8                rendering_init
                0x0000000080247fac                config_gfx_pool
                0x0000000080248060                display_and_vsync
                0x00000000802482d4                adjust_analog_stick
                0x0000000080248468                run_demo_inputs
                0x0000000080248608                read_controller_inputs
                0x00000000802487f4                init_controllers
                0x0000000080248934                setup_game_memory
                0x0000000080248ac0                thread5_game_loop
 build/jp/src/game/sound_init.o(.text)
 .text          0x0000000080248c10      0x9a0 build/jp/src/game/sound_init.o
                0x0000000080248c10                reset_volume
                0x0000000080248c28                lower_background_noise
                0x0000000080248cb8                raise_background_noise
                0x0000000080248d48                disable_background_sound
                0x0000000080248d90                enable_background_sound
                0x0000000080248dd8                set_sound_mode
                0x0000000080248e24                play_menu_sounds
                0x0000000080248fbc                play_painting_eject_sound
                0x0000000080249040                play_infinite_stairs_music
                0x0000000080249148                set_background_music
                0x00000000802491fc                fadeout_music
                0x000000008024924c                fadeout_level_music
                0x00000000802492a0                play_cutscene_music
                0x00000000802492e0                play_shell_music
                0x000000008024931c                stop_shell_music
                0x0000000080249368                play_cap_music
                0x00000000802493d4                fadeout_cap_music
                0x0000000080249418                stop_cap_music
                0x0000000080249464                play_menu_sounds_extra
                0x00000000802494a8                audio_game_loop_tick
                0x00000000802494d0                thread4_sound
 build/jp/src/game/level_update.o(.text)
 .text          0x00000000802495b0     0x28a0 build/jp/src/game/level_update.o
                0x00000000802495b0                level_control_timer
                0x0000000080249688                pressed_pause
                0x0000000080249734                set_play_mode
                0x000000008024975c                warp_special
                0x0000000080249788                fade_into_special_warp
                0x00000000802497fc                stub_level_update_1
                0x000000008024980c                load_level_init_text
                0x000000008024992c                init_door_warp
                0x00000000802499e0                set_mario_initial_cap_powerup
                0x0000000080249a84                set_mario_initial_action
                0x0000000080249ca8                init_mario_after_warp
                0x000000008024a02c                warp_area
                0x000000008024a094                warp_level
                0x000000008024a0e0                warp_credits
                0x000000008024a27c                check_instant_warp
                0x000000008024a48c                music_changed_through_warp
                0x000000008024a594                initiate_warp
                0x000000008024a648                get_painting_warp_node
                0x000000008024a6f0                initiate_painting_warp
                0x000000008024a860                level_trigger_warp
                0x000000008024ad5c                initiate_delayed_warp
                0x000000008024afbc                update_hud_values
                0x000000008024b1f0                basic_update
                0x000000008024b244                play_mode_normal
                0x000000008024b434                play_mode_paused
                0x000000008024b52c                play_mode_frame_advance
                0x000000008024b5f8                level_set_transition
                0x000000008024b620                play_mode_change_area
                0x000000008024b6e0                play_mode_change_level
                0x000000008024b818                update_level
                0x000000008024b8ec                init_level
                0x000000008024bb38                lvl_init_or_update
                0x000000008024bbbc                lvl_init_from_save_file
                0x000000008024bc74                lvl_set_current_level
                0x000000008024be00                lvl_play_the_end_screen_sound
 build/jp/src/game/interaction.o(.text)
 .text          0x000000008024be50     0x4920 build/jp/src/game/interaction.o
                0x000000008024be50                get_mario_cap_flag
                0x000000008024bf18                object_facing_mario
                0x000000008024bfcc                mario_obj_angle_to_object
                0x000000008024c038                determine_interaction
                0x000000008024c37c                attack_object
                0x000000008024c478                mario_stop_riding_object
                0x000000008024c4cc                mario_grab_used_object
                0x000000008024c520                mario_drop_held_object
                0x000000008024c5e0                mario_throw_held_object
                0x000000008024c6f4                mario_stop_riding_and_holding
                0x000000008024c75c                does_mario_have_normal_cap_on_head
                0x000000008024c788                mario_blow_off_cap
                0x000000008024c8c8                mario_lose_cap_to_enemy
                0x000000008024c958                mario_retrieve_cap
                0x000000008024c9b8                able_to_grab_object
                0x000000008024ca5c                mario_get_collided_object
                0x000000008024cadc                mario_check_object_grab
                0x000000008024cc68                bully_knock_back_mario
                0x000000008024cf14                bounce_off_object
                0x000000008024cf90                hit_object_from_below
                0x000000008024d11c                determine_knockback_action
                0x000000008024d3d8                push_mario_out_of_object
                0x000000008024d58c                bounce_back_from_attack
                0x000000008024d664                should_push_or_pull_door
                0x000000008024d710                take_damage_from_interact_object
                0x000000008024d7f8                take_damage_and_knock_back
                0x000000008024d90c                reset_mario_pitch
                0x000000008024d98c                interact_coin
                0x000000008024da50                interact_water_ring
                0x000000008024da88                interact_star_or_key
                0x000000008024dca4                interact_bbh_entrance
                0x000000008024dd68                interact_warp
                0x000000008024df1c                interact_warp_door
                0x000000008024e154                get_door_save_file_flag
                0x000000008024e278                interact_door
                0x000000008024e544                interact_cannon_base
                0x000000008024e5d0                interact_igloo_barrier
                0x000000008024e62c                interact_tornado
                0x000000008024e748                interact_whirlpool
                0x000000008024e828                interact_strong_wind
                0x000000008024e930                interact_flame
                0x000000008024eaac                interact_snufit_bullet
                0x000000008024ebdc                interact_clam_or_bubba
                0x000000008024ec9c                interact_bully
                0x000000008024ee50                interact_shock
                0x000000008024efc8                interact_mr_blizzard
                0x000000008024f038                interact_hit_from_below
                0x000000008024f194                interact_bounce_top
                0x000000008024f2d4                interact_unknown_08
                0x000000008024f384                interact_damage
                0x000000008024f3f4                interact_breakable
                0x000000008024f4cc                interact_koopa_shell
                0x000000008024f5d0                check_object_grab_mario
                0x000000008024f6e4                interact_pole
                0x000000008024f888                interact_hoot
                0x000000008024f958                interact_cap
                0x000000008024fb54                interact_grabbable
                0x000000008024fc94                mario_can_talk
                0x000000008024fd2c                check_read_sign
                0x000000008024fec0                check_npc_talk
                0x000000008024ffc0                interact_text
                0x0000000080250058                check_kick_or_punch_wall
                0x0000000080250218                mario_process_interactions
                0x00000000802503f0                check_death_barrier
                0x0000000080250484                check_lava_boost
                0x000000008025054c                pss_begin_slide
                0x00000000802505a0                pss_end_slide
                0x0000000080250624                mario_handle_special_floors
 build/jp/src/game/mario.o(.text)
 .text          0x0000000080250770     0x46b0 build/jp/src/game/mario.o
                0x0000000080250770                is_anim_at_end
                0x00000000802507ac                is_anim_past_end
                0x00000000802507e8                set_mario_animation
                0x0000000080250934                set_mario_anim_with_accel
                0x0000000080250aac                set_anim_to_frame
                0x0000000080250b68                is_anim_past_frame
                0x0000000080250c84                find_mario_anim_flags_and_translation
                0x0000000080250e50                update_mario_pos_for_anim
                0x0000000080250f0c                return_mario_anim_y_translation
                0x0000000080250f50                play_sound_if_no_flag
                0x0000000080250fbc                play_mario_jump_sound
                0x0000000080251048                adjust_sound_for_speed
                0x00000000802510e4                play_sound_and_spawn_particles
                0x0000000080251218                play_mario_action_sound
                0x0000000080251280                play_mario_landing_sound
                0x00000000802512e4                play_mario_landing_sound_once
                0x0000000080251348                play_mario_heavy_landing_sound
                0x00000000802513ac                play_mario_heavy_landing_sound_once
                0x0000000080251410                play_mario_sound
                0x00000000802514dc                mario_set_forward_vel
                0x0000000080251550                mario_get_floor_class
                0x000000008025167c                mario_get_terrain_sound_addend
                0x000000008025181c                resolve_and_return_wall_collisions
                0x00000000802518d0                vec3f_find_ceil
                0x0000000080251928                mario_facing_downhill
                0x00000000802519a8                mario_floor_is_slippery
                0x0000000080251ad0                mario_floor_is_slope
                0x0000000080251bf8                mario_floor_is_steep
                0x0000000080251cf8                find_floor_height_relative_polar
                0x0000000080251dd4                find_floor_slope
                0x0000000080251f74                update_mario_sound_and_camera
                0x0000000080252070                set_steep_jump_action
                0x0000000080252ac8                set_mario_action
                0x0000000080252c30                set_jump_from_landing
                0x0000000080252e74                set_jumping_action
                0x0000000080252f4c                drop_and_set_mario_action
                0x0000000080252f98                hurt_and_set_mario_action
                0x0000000080252fec                check_common_action_exits
                0x00000000802530d4                check_common_hold_action_exits
                0x00000000802531b8                transition_submerged_to_walking
                0x000000008025325c                set_water_plunge_action
                0x000000008025335c                squish_mario_model
                0x00000000802534f4                debug_print_speed_action_normal
                0x000000008025360c                update_mario_button_inputs
                0x0000000080253730                update_mario_joystick_inputs
                0x0000000080253834                update_mario_geometry_inputs
                0x0000000080253b2c                update_mario_inputs
                0x0000000080253c94                set_submerged_cam_preset_and_spawn_bubbles
                0x0000000080253e34                update_mario_health
                0x0000000080254088                update_mario_info_for_cam
                0x000000008025410c                mario_reset_bodystate
                0x0000000080254164                sink_mario_in_quicksand
                0x00000000802541bc                update_and_return_cap_flags
                0x000000008025435c                mario_update_hitbox_and_cap_model
                0x0000000080254604                execute_mario_action
                0x00000000802548bc                init_mario
                0x0000000080254ce0                init_mario_from_save_file
 build/jp/src/game/mario_step.o(.text)
 .text          0x0000000080254e20     0x1e00 build/jp/src/game/mario_step.o
                0x0000000080254e20                get_additive_y_vel_for_jumps
                0x0000000080254e3c                stub_mario_step_1
                0x0000000080254e50                stub_mario_step_2
                0x0000000080254e60                transfer_bully_speed
                0x0000000080254fd8                init_bully_collision_data
                0x000000008025509c                mario_bonk_reflection
                0x00000000802551b4                mario_update_quicksand
                0x00000000802553f4                mario_push_off_steep_floor
                0x00000000802554ac                mario_update_moving_sand
                0x00000000802555ac                mario_update_windy_ground
                0x0000000080255788                stop_and_set_height_to_floor
                0x000000008025580c                stationary_ground_step
                0x0000000080255b60                perform_ground_step
                0x0000000080255c9c                check_ledge_grab
                0x0000000080255e84                perform_air_quarter_step
                0x00000000802562b8                apply_twirl_gravity
                0x000000008025635c                should_strengthen_gravity_for_jump_ascent
                0x00000000802563f4                apply_gravity
                0x00000000802567d0                apply_vertical_wind
                0x0000000080256940                perform_air_step
                0x0000000080256af4                set_vel_from_pitch_and_yaw
                0x0000000080256ba8                set_vel_from_yaw
 build/jp/src/game/mario_actions_cutscene.o(.text)
 .text          0x0000000080256c20     0x6dd0 build/jp/src/game/mario_actions_cutscene.o
                0x0000000080256c20                get_credits_str_width
                0x0000000080256ca8                print_displaying_credits_entry
                0x0000000080256de8                bhv_end_peach_loop
                0x0000000080256e64                bhv_end_toad_loop
                0x0000000080256f20                geo_switch_peach_eyes
                0x0000000080257038                get_star_collection_dialog
                0x00000000802570c4                handle_save_menu
                0x00000000802571d8                spawn_obj_at_mario_rel_yaw
                0x0000000080257270                cutscene_take_cap_off
                0x00000000802572d0                cutscene_put_cap_on
                0x0000000080257330                mario_ready_to_speak
                0x00000000802573c8                set_mario_npc_dialog
                0x00000000802574d0                act_reading_npc_dialog
                0x0000000080257708                act_waiting_for_dialog
                0x0000000080257794                act_disappeared
                0x0000000080257838                act_reading_automatic_dialog
                0x0000000080257a6c                act_reading_sign
                0x0000000080257c34                act_debug_free_move
                0x0000000080257f0c                general_star_dance_handler
                0x00000000802581a8                act_star_dance
                0x0000000080258264                act_star_dance_water
                0x0000000080258348                act_fall_after_star_grab
                0x0000000080258454                common_death_handler
                0x00000000802584cc                act_standing_death
                0x0000000080258574                act_electrocution
                0x00000000802585c4                act_suffocation
                0x0000000080258614                act_death_on_back
                0x0000000080258680                act_death_on_stomach
                0x00000000802586ec                act_quicksand_death
                0x0000000080258804                act_eaten_by_bubba
                0x00000000802588ac                launch_mario_until_land
                0x0000000080258930                act_unlocking_key_door
                0x0000000080258b34                act_unlocking_star_door
                0x0000000080258d1c                act_entering_star_door
                0x0000000080258fec                act_going_through_door
                0x0000000080259154                act_warp_door_spawn
                0x000000008025925c                act_emerge_from_pipe
                0x0000000080259390                act_spawn_spin_airborne
                0x00000000802594c8                act_spawn_spin_landing
                0x0000000080259534                act_exit_airborne
                0x00000000802595dc                act_falling_exit_airborne
                0x0000000080259658                act_exit_land_save_dialog
                0x00000000802599b8                act_death_exit
                0x0000000080259a70                act_unused_death_exit
                0x0000000080259afc                act_falling_death_exit
                0x0000000080259b88                act_special_exit_airborne
                0x0000000080259c80                act_special_death_exit
                0x0000000080259d54                act_spawn_no_spin_airborne
                0x0000000080259dc8                act_spawn_no_spin_landing
                0x0000000080259e44                act_bbh_enter_spin
                0x000000008025a21c                act_bbh_enter_jump
                0x000000008025a398                act_teleport_fade_out
                0x000000008025a484                act_teleport_fade_in
                0x000000008025a5e0                act_shocked
                0x000000008025a734                act_squished
                0x000000008025ab94                act_putting_on_cap
                0x000000008025ac30                stuck_in_ground_handler
                0x000000008025ad84                act_head_stuck_in_ground
                0x000000008025add8                act_butt_stuck_in_ground
                0x000000008025ae2c                act_feet_stuck_in_ground
                0x000000008025b9dc                generate_yellow_sparkles
                0x000000008025d418                mario_execute_cutscene_action
 build/jp/src/game/mario_actions_automatic.o(.text)
 .text          0x000000008025d9f0     0x2af0 build/jp/src/game/mario_actions_automatic.o
                0x000000008025d9f0                add_tree_leaf_particles
                0x000000008025da9c                play_climbing_sounds
                0x000000008025db84                set_pole_position
                0x000000008025de9c                act_holding_pole
                0x000000008025e218                act_climbing_pole
                0x000000008025e3cc                act_grab_pole_slow
                0x000000008025e458                act_grab_pole_fast
                0x000000008025e558                act_top_of_pole_transition
                0x000000008025e658                act_top_of_pole
                0x000000008025e778                perform_hanging_step
                0x000000008025e924                update_hang_moving
                0x000000008025eaf8                update_hang_stationary
                0x000000008025eb80                act_start_hanging
                0x000000008025ecdc                act_hanging
                0x000000008025ee0c                act_hang_moving
                0x000000008025efac                let_go_of_ledge
                0x000000008025f0dc                climb_up_ledge
                0x000000008025f188                update_ledge_climb_camera
                0x000000008025f26c                update_ledge_climb
                0x000000008025f2e8                act_ledge_grab
                0x000000008025f598                act_ledge_climb_slow
                0x000000008025f68c                act_ledge_climb_down
                0x000000008025f710                act_ledge_climb_fast
                0x000000008025f7b8                act_grabbed
                0x000000008025f894                act_in_cannon
                0x000000008025fd7c                act_tornado_twirling
                0x0000000080260190                check_common_automatic_cancels
                0x00000000802601f8                mario_execute_automatic_action
 build/jp/src/game/mario_actions_stationary.o(.text)
 .text          0x00000000802604e0     0x3570 build/jp/src/game/mario_actions_stationary.o
                0x00000000802604e0                check_common_idle_cancels
                0x00000000802606dc                check_common_hold_idle_cancels
                0x00000000802608e4                act_idle
                0x0000000080260bc0                play_anim_sound
                0x0000000080260c2c                act_start_sleeping
                0x0000000080260e34                act_sleeping
                0x0000000080261104                act_waking_up
                0x000000008026127c                act_shivering
                0x00000000802614c8                act_coughing
                0x00000000802615c0                act_hold_idle
                0x00000000802616c0                act_hold_heavy_idle
                0x00000000802617e8                act_standing_against_wall
                0x00000000802618dc                act_in_quicksand
                0x00000000802619a4                act_crouching
                0x0000000080261b60                act_panting
                0x0000000080261c70                act_hold_panting_unused
                0x0000000080261d6c                stopping_step
                0x0000000080261dcc                act_braking_stop
                0x0000000080261ecc                act_butt_slide_stop
                0x0000000080261f88                act_hold_butt_slide_stop
                0x0000000080262080                act_slide_kick_slide_stop
                0x0000000080262120                act_start_crouching
                0x0000000080262240                act_stop_crouching
                0x0000000080262360                act_start_crawling
                0x0000000080262480                act_stop_crawling
                0x0000000080262570                act_shockwave_bounce
                0x00000000802627b4                landing_step
                0x0000000080262824                check_common_landing_cancels
                0x0000000080262958                act_jump_land_stop
                0x00000000802629b4                act_double_jump_land_stop
                0x0000000080262a10                act_side_flip_land_stop
                0x0000000080262a84                act_freefall_land_stop
                0x0000000080262ae0                act_triple_jump_land_stop
                0x0000000080262b40                act_backflip_land_stop
                0x0000000080262bdc                act_lava_boost_land
                0x0000000080262c4c                act_long_jump_land_stop
                0x0000000080262ce8                act_hold_jump_land_stop
                0x0000000080262de0                act_hold_freefall_land_stop
                0x0000000080262ed8                act_air_throw_land
                0x0000000080262fa4                act_twirl_land
                0x00000000802630fc                act_ground_pound_land
                0x00000000802631d8                act_first_person
                0x0000000080263374                check_common_stationary_cancels
                0x0000000080263488                mario_execute_stationary_action
 build/jp/src/game/mario_actions_moving.o(.text)
 .text          0x0000000080263a50     0x6080 build/jp/src/game/mario_actions_moving.o
                0x0000000080263a50                tilt_body_running
                0x0000000080263ad4                play_step_sound
                0x0000000080263c14                align_with_floor
                0x0000000080263c8c                begin_walking_action
                0x0000000080263cec                check_ledge_climb_down
                0x0000000080263ea4                slide_bonk
                0x0000000080263f30                set_triple_jump_action
                0x0000000080263ffc                update_sliding_angle
                0x0000000080264330                update_sliding
                0x0000000080264744                apply_slope_accel
                0x0000000080264970                apply_landing_accel
                0x0000000080264a08                update_shell_speed
                0x0000000080264c70                apply_slope_decel
                0x0000000080264da0                update_decelerating_speed
                0x0000000080264e34                update_walking_speed
                0x0000000080265048                should_begin_sliding
                0x0000000080265104                analog_stick_held_back
                0x0000000080265148                check_ground_dive_or_punch
                0x0000000080265210                begin_braking_action
                0x00000000802652f0                anim_and_audio_for_walk
                0x000000008026570c                anim_and_audio_for_hold_walk
                0x0000000080265980                anim_and_audio_for_heavy_walk
                0x00000000802659e8                push_or_sidle_wall
                0x0000000080265c28                tilt_body_walking
                0x0000000080265dbc                tilt_body_ground_shell
                0x0000000080265f44                act_walking
                0x00000000802661a4                act_move_punching
                0x0000000080266324                act_hold_walking
                0x000000008026658c                act_hold_heavy_walking
                0x00000000802666e8                act_turning_around
                0x000000008026693c                act_finish_turning_around
                0x0000000080266a38                act_braking
                0x0000000080266bb8                act_decelerating
                0x0000000080266e30                act_hold_decelerating
                0x00000000802670f4                act_riding_shell_ground
                0x0000000080267318                act_crawling
                0x000000008026754c                act_burning_ground
                0x0000000080267814                tilt_body_butt_slide
                0x00000000802678d4                common_slide_action
                0x0000000080267b74                common_slide_action_with_jump
                0x0000000080267c44                act_butt_slide
                0x0000000080267ca4                act_hold_butt_slide
                0x0000000080267d38                act_crouch_slide
                0x0000000080267f08                act_slide_kick_slide
                0x000000008026807c                stomach_slide_action
                0x0000000080268190                act_stomach_slide
                0x00000000802681d8                act_hold_stomach_slide
                0x0000000080268254                act_dive_slide
                0x0000000080268388                common_ground_knockback_action
                0x00000000802685c8                act_hard_backward_ground_kb
                0x0000000080268670                act_hard_forward_ground_kb
                0x00000000802686f8                act_backward_ground_kb
                0x0000000080268744                act_forward_ground_kb
                0x0000000080268790                act_soft_backward_ground_kb
                0x00000000802687dc                act_soft_forward_ground_kb
                0x0000000080268828                act_ground_bonk
                0x0000000080268898                act_death_exit_land
                0x0000000080268960                common_landing_action
                0x0000000080268b0c                common_landing_cancels
                0x0000000080268c9c                act_jump_land
                0x0000000080268d04                act_freefall_land
                0x0000000080268d6c                act_side_flip_land
                0x0000000080268df8                act_hold_jump_land
                0x0000000080268e94                act_hold_freefall_land
                0x0000000080268f30                act_long_jump_land
                0x0000000080269010                act_double_jump_land
                0x0000000080269078                act_triple_jump_land
                0x000000008026911c                act_backflip_land
                0x00000000802691d4                quicksand_jump_land_action
                0x000000008026931c                act_quicksand_jump_land
                0x0000000080269370                act_hold_quicksand_jump_land
                0x00000000802693c4                check_common_moving_cancels
                0x00000000802694e8                mario_execute_moving_action
 build/jp/src/game/mario_actions_airborne.o(.text)
 .text          0x0000000080269ad0     0x60d0 build/jp/src/game/mario_actions_airborne.o
                0x0000000080269ad0                play_flip_sounds
                0x0000000080269b50                play_far_fall_sound
                0x0000000080269c20                lava_boost_on_wall
                0x0000000080269d18                check_fall_damage
                0x0000000080269ef4                check_kick_or_dive_in_air
                0x0000000080269f88                should_get_stuck_in_ground
                0x000000008026a08c                check_fall_damage_or_get_stuck
                0x000000008026a120                check_horizontal_wind
                0x000000008026a324                update_air_with_turn
                0x000000008026a554                update_air_without_turn
                0x000000008026a7e4                update_lava_boost_or_twirling
                0x000000008026a968                update_flying_yaw
                0x000000008026ab10                update_flying_pitch
                0x000000008026ac88                update_flying
                0x000000008026af50                common_air_action_step
                0x000000008026b1ac                act_jump
                0x000000008026b24c                act_double_jump
                0x000000008026b320                act_triple_jump
                0x000000008026b41c                act_backflip
                0x000000008026b4bc                act_freefall
                0x000000008026b5c8                act_hold_jump
                0x000000008026b6c4                act_hold_freefall
                0x000000008026b7d0                act_side_flip
                0x000000008026b8dc                act_wall_kick_air
                0x000000008026b988                act_long_jump
                0x000000008026ba50                act_riding_shell_air
                0x000000008026bb44                act_twirling
                0x000000008026bcf0                act_dive
                0x000000008026bfc8                act_air_throw
                0x000000008026c0e0                act_water_jump
                0x000000008026c23c                act_hold_water_jump
                0x000000008026c384                act_steep_jump
                0x000000008026c500                act_ground_pound
                0x000000008026c810                act_burning_jump
                0x000000008026c954                act_burning_fall
                0x000000008026ca2c                act_crazy_box_bounce
                0x000000008026ccb4                common_air_knockback_step
                0x000000008026cdfc                check_wall_kick
                0x000000008026ce88                act_backward_air_kb
                0x000000008026cf08                act_forward_air_kb
                0x000000008026cf88                act_hard_backward_air_kb
                0x000000008026cfec                act_hard_forward_air_kb
                0x000000008026d050                act_thrown_backward
                0x000000008026d0f8                act_thrown_forward
                0x000000008026d1ec                act_soft_bonk
                0x000000008026d26c                act_getting_blown
                0x000000008026d498                act_air_hit_wall
                0x000000008026d664                act_forward_rollout
                0x000000008026d804                act_backward_rollout
                0x000000008026d9a8                act_butt_slide_air
                0x000000008026db98                act_hold_butt_slide_air
                0x000000008026ddc4                act_lava_boost
                0x000000008026e0ac                act_slide_kick
                0x000000008026e320                act_jump_kick
                0x000000008026e478                act_shot_from_cannon
                0x000000008026e710                act_flying
                0x000000008026ec2c                act_riding_hoot
                0x000000008026edc0                act_flying_triple_jump
                0x000000008026f0a8                act_top_of_pole_jump
                0x000000008026f0f4                act_vertical_wind
                0x000000008026f2d4                act_special_triple_jump
                0x000000008026f4ac                check_common_airborne_cancels
                0x000000008026f598                mario_execute_airborne_action
 build/jp/src/game/mario_actions_submerged.o(.text)
 .text          0x000000008026fba0     0x4da0 build/jp/src/game/mario_actions_submerged.o
                0x000000008027442c                mario_execute_submerged_action
 build/jp/src/game/mario_actions_object.o(.text)
 .text          0x0000000080274940     0x11a0 build/jp/src/game/mario_actions_object.o
                0x0000000080274940                animated_stationary_ground_step
                0x00000000802749a0                mario_update_punch_sequence
                0x0000000080274c6c                act_punching
                0x0000000080274db0                act_picking_up
                0x0000000080274f40                act_dive_picking_up
                0x000000008027500c                act_placing_down
                0x00000000802750d8                act_throwing
                0x0000000080275204                act_heavy_throw
                0x00000000802752f8                act_stomach_slide_stop
                0x00000000802753c4                act_picking_up_bowser
                0x0000000080275478                act_holding_bowser
                0x000000008027577c                act_releasing_bowser
                0x0000000080275810                check_common_object_cancels
                0x00000000802758e4                mario_execute_object_action
 build/jp/src/game/level_geo.o(.text)
 .text          0x0000000080275ae0      0x2e0 build/jp/src/game/level_geo.o
                0x0000000080275ae0                geo_envfx_main
                0x0000000080275ce4                geo_skybox_main
 build/jp/src/game/mario_misc.o(.text)
 .text          0x0000000080275dc0     0x1a30 build/jp/src/game/mario_misc.o
                0x0000000080275dc0                geo_draw_mario_head_goddard
                0x000000008027615c                bhv_toad_message_loop
                0x0000000080276220                bhv_toad_message_init
                0x00000000802764c8                bhv_unlock_door_star_init
                0x00000000802765dc                bhv_unlock_door_star_loop
                0x00000000802769b4                geo_mirror_mario_set_alpha
                0x0000000080276a60                geo_switch_mario_stand_run
                0x0000000080276acc                geo_switch_mario_eyes
                0x0000000080276ba4                geo_mario_tilt_torso
                0x0000000080276cb4                geo_mario_head_rotation
                0x0000000080276e04                geo_switch_mario_hand
                0x0000000080276edc                geo_mario_hand_foot_scaler
                0x0000000080276fe8                geo_switch_mario_cap_effect
                0x0000000080277050                geo_switch_mario_cap_on_off
                0x0000000080277134                geo_mario_rotate_wing_cap_wings
                0x000000008027726c                geo_switch_mario_hand_grab_pos
                0x0000000080277424                geo_render_mirror_mario
                0x000000008027767c                geo_mirror_mario_backface_culling
 build/jp/src/game/memory.o(.text)
 .text          0x00000000802777f0     0x1280 build/jp/src/game/memory.o
                0x00000000802777f0                set_segment_base_addr
                0x0000000080277830                get_segment_base_addr
                0x0000000080277860                segmented_to_virtual
                0x00000000802778b8                virtual_to_segmented
                0x0000000080277900                move_segment_table_to_dmem
                0x0000000080277984                main_pool_init
                0x0000000080277a30                main_pool_alloc
                0x0000000080277b48                main_pool_free
                0x0000000080277c68                main_pool_realloc
                0x0000000080277cd8                main_pool_available
                0x0000000080277cf8                main_pool_push_state
                0x0000000080277da8                main_pool_pop_state
                0x0000000080277f9c                load_segment
                0x0000000080278000                load_to_fixed_pool_addr
                0x00000000802780e8                load_segment_decompress
                0x00000000802781c4                load_segment_decompress_heap
                0x0000000080278284                load_engine_code_segment
                0x0000000080278324                alloc_only_pool_init
                0x00000000802783c8                alloc_only_pool_alloc
                0x0000000080278438                alloc_only_pool_resize
                0x00000000802784a8                mem_pool_init
                0x0000000080278568                mem_pool_alloc
                0x0000000080278684                mem_pool_free
                0x000000008027883c                alloc_display_list
                0x0000000080278938                func_80278A78
                0x0000000080278994                load_patchable_table
 build/jp/src/game/save_file.o(.text)
 .text          0x0000000080278a70     0x1670 build/jp/src/game/save_file.o
                0x0000000080279150                save_file_do_save
                0x000000008027920c                save_file_erase
                0x0000000080279270                save_file_copy
                0x00000000802792ec                save_file_load_all
                0x00000000802794d8                save_file_reload
                0x0000000080279554                save_file_collect_star_or_key
                0x0000000080279754                save_file_exists
                0x0000000080279790                save_file_get_max_coin_score
                0x0000000080279890                save_file_get_course_star_count
                0x0000000080279920                save_file_get_total_star_count
                0x00000000802799b8                save_file_set_flags
                0x0000000080279a04                save_file_clear_flags
                0x0000000080279a7c                save_file_get_flags
                0x0000000080279ad8                save_file_get_star_flags
                0x0000000080279b4c                save_file_set_star_flags
                0x0000000080279c20                save_file_get_course_coin_score
                0x0000000080279c50                save_file_is_cannon_unlocked
                0x0000000080279ca0                save_file_set_cannon_unlocked
                0x0000000080279d28                save_file_set_cap_pos
                0x0000000080279dbc                save_file_get_cap_pos
                0x0000000080279e74                save_file_set_sound_mode
                0x0000000080279ec4                save_file_get_sound_mode
                0x0000000080279ee4                save_file_move_cap_to_default_location
                0x0000000080279fa8                disable_warp_checkpoint
                0x0000000080279fc0                check_if_should_set_warp_checkpoint
                0x000000008027a028                check_warp_checkpoint
 build/jp/src/game/area.o(.text)
 .text          0x000000008027a0e0      0xef0 build/jp/src/game/area.o
                0x000000008027a0e0                override_viewport_and_clip
                0x000000008027a14c                set_warp_transition_rgb
                0x000000008027a1c0                print_intro_text
                0x000000008027a24c                get_mario_spawn_type
                0x000000008027a2d8                area_get_warp_node
                0x000000008027a338                area_get_warp_node_from_params
                0x000000008027a384                load_obj_warp_nodes
                0x000000008027a414                clear_areas
                0x000000008027a684                clear_area_graph_nodes
                0x000000008027a754                load_area
                0x000000008027a858                unload_area
                0x000000008027a8cc                load_mario_area
                0x000000008027a948                unload_mario_area
                0x000000008027a9d0                change_area
                0x000000008027aa74                area_update_objects
                0x000000008027aab0                play_transition
                0x000000008027ac6c                play_transition_after_delay
                0x000000008027acc4                render_game
 build/jp/src/game/rendering_graph_node.o(.text)
 .text          0x000000008027afd0     0x2d20 build/jp/src/game/rendering_graph_node.o
                0x000000008027c848                geo_set_animation_globals
                0x000000008027d394                geo_process_held_object
                0x000000008027d778                geo_try_process_children
                0x000000008027d7b8                geo_process_node_and_siblings
                0x000000008027da40                geo_process_root
 build/jp/src/game/profiler.o(.text)
 .text          0x000000008027dcf0     0x1100 build/jp/src/game/profiler.o
                0x000000008027dcf0                profiler_log_thread5_time
                0x000000008027dda0                profiler_log_thread4_time
                0x000000008027de30                profiler_log_gfx_time
                0x000000008027dedc                profiler_log_vblank_time
                0x000000008027df6c                draw_profiler_bar
                0x000000008027e268                draw_reference_profiler_bars
                0x000000008027e4dc                draw_profiler_mode_1
                0x000000008027e7bc                draw_profiler_mode_0
                0x000000008027ed70                draw_profiler
 build/jp/asm/decompress.o(.text)
 .text          0x000000008027edf0       0xb0 build/jp/asm/decompress.o
                0x000000008027edf0                decompress
 build/jp/src/game/camera.o(.text)
 .text          0x000000008027eea0    0x1d010 build/jp/src/game/camera.o
                0x000000008027eea0                set_camera_shake_from_hit
                0x000000008027f1c8                set_environmental_camera_shake
                0x000000008027f300                set_camera_shake_from_point
                0x000000008027f484                unused_set_camera_pitch_shake_env
                0x000000008027f528                calc_y_to_curr_floor
                0x000000008027f730                focus_on_mario
                0x000000008027f908                set_camera_height
                0x000000008027fc78                look_down_slopes
                0x000000008027fe04                pan_ahead_of_player
                0x000000008027ffb4                find_in_bounds_yaw_wdw_bob_thi
                0x0000000080280120                update_radial_camera
                0x0000000080280280                update_8_directions_camera
                0x0000000080280410                radial_camera_move
                0x0000000080280a98                lakitu_zoom
                0x0000000080280ccc                radial_camera_input_default
                0x0000000080280cfc                update_yaw_and_dist_from_c_up
                0x0000000080280d7c                mode_radial_camera
                0x0000000080280e98                mode_8_directions_camera
                0x0000000080280fb0                update_outward_radial_camera
                0x000000008028110c                mode_outward_radial_camera
                0x0000000080281214                update_parallel_tracking_camera
                0x0000000080281b90                update_fixed_camera
                0x0000000080281fb0                update_boss_fight_camera
                0x000000008028251c                unused_update_mode_5_camera
                0x000000008028254c                mode_boss_fight_camera
                0x000000008028258c                mode_parallel_tracking_camera
                0x00000000802825f0                mode_fixed_camera
                0x0000000080282688                update_behind_mario_camera
                0x0000000080282c50                mode_behind_mario
                0x0000000080282e88                update_slide_camera
                0x00000000802832f4                mode_behind_mario_camera
                0x0000000080283328                nop_update_water_camera
                0x0000000080283344                mode_water_surface_camera
                0x0000000080283378                update_mario_camera
                0x0000000080283408                update_default_camera
                0x00000000802845c8                mode_default_camera
                0x000000008028460c                mode_lakitu_camera
                0x0000000080284648                mode_mario_camera
                0x0000000080284684                update_spiral_stairs_camera
                0x00000000802849bc                mode_spiral_stairs_camera
                0x00000000802849fc                update_slide_or_0f_camera
                0x0000000080284aec                mode_slide_camera
                0x0000000080284b7c                store_lakitu_cam_info_for_c_up
                0x0000000080284c04                set_mode_c_up
                0x0000000080284c80                exit_c_up
                0x0000000080285118                update_c_up
                0x00000000802851b4                move_mario_head_c_up
                0x000000008028533c                move_into_c_up
                0x0000000080285630                mode_c_up_camera
                0x00000000802857e8                update_in_cannon
                0x0000000080285870                mode_cannon_camera
                0x000000008028594c                transition_next_state
                0x0000000080285998                transition_to_camera_mode
                0x0000000080285a98                set_camera_mode
                0x0000000080285d30                update_lakitu
                0x0000000080286208                update_camera
                0x0000000080286878                reset_camera
                0x0000000080286b5c                init_camera
                0x00000000802872c4                zoom_out_if_paused_and_outside
                0x000000008028749c                select_mario_cam_mode
                0x00000000802874b8                create_camera
                0x0000000080287590                update_graph_node_camera
                0x0000000080287608                geo_camera_main
                0x0000000080287698                stub_camera_2
                0x00000000802876ac                stub_camera_3
                0x00000000802876c0                vec3f_sub
                0x0000000080287700                object_pos_to_vec3f
                0x0000000080287728                vec3f_to_object_pos
                0x0000000080287750                unused_object_angle_to_vec3s
                0x0000000080287778                evaluate_cubic_spline
                0x0000000080287bbc                move_point_along_spline
                0x0000000080287efc                cam_select_alt_mode
                0x0000000080287ff0                set_cam_angle
                0x0000000080288160                set_handheld_shake
                0x0000000080288288                shake_camera_handheld
                0x00000000802885bc                find_c_buttons_pressed
                0x0000000080288740                update_camera_hud_status
                0x0000000080288834                collide_with_walls
                0x0000000080288a70                vec3f_compare
                0x0000000080288aec                clamp_pitch
                0x0000000080288bb0                is_within_100_units_of_mario
                0x0000000080288c34                set_or_approach_f32_asymptotic
                0x0000000080288ccc                approach_f32_asymptotic_bool
                0x0000000080288d60                approach_f32_asymptotic
                0x0000000080288d8c                approach_s16_asymptotic_bool
                0x0000000080288e44                approach_s16_asymptotic
                0x0000000080288ee8                approach_vec3f_asymptotic
                0x0000000080288f5c                set_or_approach_vec3f_asymptotic
                0x0000000080288fd0                approach_vec3s_asymptotic
                0x0000000080289044                camera_approach_s16_symmetric_bool
                0x0000000080289124                camera_approach_s16_symmetric
                0x0000000080289214                set_or_approach_s16_symmetric
                0x00000000802892a4                camera_approach_f32_symmetric_bool
                0x00000000802893e4                camera_approach_f32_symmetric
                0x00000000802894d8                random_vec3s
                0x00000000802895f8                reduce_by_dist_from_camera
                0x0000000080289860                clamp_positions_and_find_yaw
                0x0000000080289958                calc_avoid_yaw
                0x00000000802899cc                is_surf_within_bounding_box
                0x0000000080289dc4                is_behind_surface
                0x0000000080289f94                is_range_behind_surface
                0x000000008028a0c4                is_mario_behind_surface
                0x000000008028a10c                scale_along_line
                0x000000008028a1c0                is_pos_in_bounds
                0x000000008028a300                calculate_pitch
                0x000000008028a3b0                calculate_yaw
                0x000000008028a438                calculate_angles
                0x000000008028a500                calc_abs_dist
                0x000000008028a5a4                calc_hor_dist
                0x000000008028a624                rotate_in_xz
                0x000000008028a6f4                rotate_in_yz
                0x000000008028a7c8                set_camera_pitch_shake
                0x000000008028a824                set_camera_yaw_shake
                0x000000008028a8e4                set_camera_roll_shake
                0x000000008028a940                set_pitch_shake_from_point
                0x000000008028a9f4                set_yaw_shake_from_point
                0x000000008028aaa8                increment_shake_offset
                0x000000008028aaf0                shake_camera_pitch
                0x000000008028ac04                shake_camera_yaw
                0x000000008028ad10                shake_camera_roll
                0x000000008028ade4                offset_yaw_outward_radial
                0x000000008028affc                cutscene_intro_peach_play_message_music
                0x000000008028b02c                cutscene_intro_peach_play_lakitu_flying_music
                0x000000008028b05c                play_camera_buzz_if_cdown
                0x000000008028b09c                play_camera_buzz_if_cbutton
                0x000000008028b0dc                play_camera_buzz_if_c_sideways
                0x000000008028b128                play_sound_cbutton_up
                0x000000008028b15c                play_sound_cbutton_down
                0x000000008028b190                play_sound_cbutton_side
                0x000000008028b1c4                play_sound_button_change_blocked
                0x000000008028b1f8                play_sound_rbutton_changed
                0x000000008028b22c                play_sound_if_cam_switched_to_lakitu_or_mario
                0x000000008028b29c                radial_camera_input
                0x000000008028b600                trigger_cutscene_dialog
                0x000000008028b664                handle_c_button_movement
                0x000000008028b8f8                clear_cutscene_vars
                0x000000008028b9fc                start_cutscene
                0x000000008028ba4c                determine_dance_cutscene
                0x000000008028bb2c                open_door_cutscene
                0x000000008028bb88                get_cutscene_from_mario_status
                0x000000008028c060                warp_camera
                0x000000008028c1b0                approach_camera_height
                0x000000008028c26c                stub_camera_4
                0x000000008028c28c                set_focus_rel_mario
                0x000000008028c4b0                offset_rotated
                0x000000008028c654                offset_rotated_coords
                0x000000008028c6ac                determine_pushing_or_pulling_door
                0x000000008028c6e4                next_lakitu_state
                0x000000008028cd0c                set_camera_mode_fixed
                0x000000008028ce6c                set_camera_mode_8_directions
                0x000000008028cebc                set_camera_mode_boss_fight
                0x000000008028cf18                set_camera_mode_close_cam
                0x000000008028cf58                set_camera_mode_radial
                0x000000008028d05c                parallel_tracking_init
                0x000000008028d148                set_fixed_cam_axis_sa_lobby
                0x000000008028d1ec                check_blocking_area_processing
                0x000000008028d2d8                cam_rr_exit_building_side
                0x000000008028d310                cam_rr_exit_building_top
                0x000000008028d3ac                cam_rr_enter_building_window
                0x000000008028d3f8                cam_rr_enter_building
                0x000000008028d474                cam_rr_enter_building_side
                0x000000008028d4b4                cam_cotmc_exit_waterfall
                0x000000008028d4dc                cam_sl_snowman_head_8dir
                0x000000008028d530                cam_sl_free_roam
                0x000000008028d564                move_camera_through_floor_while_descending
                0x000000008028d608                cam_hmc_enter_maze
                0x000000008028d6c8                cam_hmc_elevator_black_hole
                0x000000008028d6f8                cam_hmc_elevator_maze_emergency_exit
                0x000000008028d72c                cam_hmc_elevator_lake
                0x000000008028d760                cam_hmc_elevator_maze
                0x000000008028d794                cam_ssl_enter_pyramid_top
                0x000000008028d7c0                cam_ssl_pyramid_center
                0x000000008028d808                cam_ssl_boss_room
                0x000000008028d850                cam_thi_move_cam_through_tunnel
                0x000000008028d884                cam_thi_look_through_tunnel
                0x000000008028d8b8                cam_bob_tower
                0x000000008028d900                cam_bob_default_free_roam
                0x000000008028d934                cam_castle_hmc_start_pool_cutscene
                0x000000008028d988                cam_castle_lobby_entrance
                0x000000008028da00                cam_castle_look_upstairs
                0x000000008028daac                cam_castle_basement_look_downstairs
                0x000000008028db34                cam_castle_enter_lobby
                0x000000008028db9c                cam_castle_enter_spiral_stairs
                0x000000008028dc28                cam_castle_close_mode
                0x000000008028dc54                cam_castle_leave_lobby_sliding_door
                0x000000008028dc8c                cam_castle_enter_lobby_sliding_door
                0x000000008028dcb8                cam_bbh_room_6
                0x000000008028dcec                cam_bbh_fall_off_roof
                0x000000008028dd18                cam_bbh_fall_into_pool
                0x000000008028ddc0                cam_bbh_room_1
                0x000000008028ddf8                cam_bbh_leave_front_door
                0x000000008028de30                cam_bbh_room_2_lower
                0x000000008028de68                cam_bbh_room_4
                0x000000008028dea0                cam_bbh_room_8
                0x000000008028ded8                cam_bbh_room_5_library
                0x000000008028df10                cam_bbh_room_5_library_to_hidden_transition
                0x000000008028df60                cam_bbh_room_5_hidden_to_library_transition
                0x000000008028dfb0                cam_bbh_room_5_hidden
                0x000000008028dff4                cam_bbh_room_3
                0x000000008028e02c                cam_bbh_room_7_mr_i
                0x000000008028e064                cam_bbh_room_7_mr_i_to_coffins_transition
                0x000000008028e0b4                cam_bbh_room_7_coffins_to_mr_i_transition
                0x000000008028e104                cam_bbh_elevator_room_lower
                0x000000008028e13c                cam_bbh_room_0_back_entrance
                0x000000008028e168                cam_bbh_elevator
                0x000000008028e1cc                cam_bbh_room_12_upper
                0x000000008028e210                cam_bbh_enter_front_door
                0x000000008028e23c                cam_bbh_room_2_library
                0x000000008028e274                cam_bbh_room_2_library_to_trapdoor_transition
                0x000000008028e2c4                cam_bbh_room_2_trapdoor
                0x000000008028e2fc                cam_bbh_room_2_trapdoor_transition
                0x000000008028e34c                cam_bbh_room_9_attic
                0x000000008028e384                cam_bbh_room_9_attic_transition
                0x000000008028e3d4                cam_bbh_room_9_mr_i_transition
                0x000000008028e424                cam_bbh_room_13_balcony
                0x000000008028e45c                cam_bbh_room_0
                0x000000008028e4a0                cam_ccm_enter_slide_shortcut
                0x000000008028e4c8                cam_ccm_leave_slide_shortcut
                0x000000008028e4f4                surface_type_modes
                0x000000008028e5cc                set_mode_if_not_set_by_surface
                0x000000008028e634                surface_type_modes_thi
                0x000000008028e74c                camera_course_processing
                0x000000008028ef0c                resolve_geometry_collisions
                0x000000008028f1b0                rotate_camera_around_walls
                0x000000008028f538                find_mario_floor_and_ceil
                0x000000008028f6c0                start_object_cutscene
                0x000000008028f6f4                start_object_cutscene_without_focus
                0x000000008028f720                unused_dialog_cutscene_response
                0x000000008028f7a0                cutscene_object_with_dialog
                0x000000008028f864                cutscene_object_without_dialog
                0x000000008028f8a8                cutscene_object
                0x000000008028f934                update_camera_yaw
                0x000000008028f97c                cutscene_reset_spline
                0x000000008028f9a0                stop_cutscene_and_retrieve_stored_info
                0x000000008028fa04                cap_switch_save
                0x000000008028fa40                init_spline_point
                0x000000008028fa98                copy_spline_segment
                0x000000008028fc54                cutscene_common_set_dialog_state
                0x000000008028fd44                cutscene_intro_peach_start_letter_music
                0x000000008028fd70                cutscene_intro_peach_start_flying_music
                0x000000008028fd9c                reset_pan_distance
                0x000000008028fdbc                player2_rotate_cam
                0x0000000080290004                store_info_cannon
                0x0000000080290074                retrieve_info_cannon
                0x00000000802900e4                store_info_star
                0x0000000080290168                retrieve_info_star
                0x0000000080290250                pan_camera
                0x00000000802902dc                cutscene_shake_explosion
                0x000000008029033c                rotate_and_move_vec3f
                0x00000000802903d4                set_flag_post_door
                0x0000000080290424                cutscene_soften_music
                0x0000000080290458                cutscene_unsoften_music
                0x000000008029049c                cutscene_unused_start
                0x00000000802904b0                cutscene_unused_loop
                0x00000000802904c4                cutscene_ending_mario_fall_start
                0x000000008029051c                cutscene_ending_mario_fall_focus_mario
                0x0000000080290610                cutscene_ending_mario_fall
                0x0000000080290680                cutscene_ending_mario_land_closeup
                0x00000000802906f4                cutscene_ending_reset_spline
                0x0000000080290730                cutscene_ending_fly_up_to_window
                0x000000008029079c                cutscene_ending_stars_free_peach
                0x000000008029080c                cutscene_ending_mario_land
                0x00000000802908f4                cutscene_ending_peach_appear_closeup
                0x0000000080290988                cutscene_ending_peach_appears
                0x0000000080290a48                cutscene_ending_peach_descends_start
                0x0000000080290a88                cutscene_ending_follow_peach_descent
                0x0000000080290afc                cutscene_ending_peach_descent_lower_focus
                0x0000000080290b38                cutscene_ending_peach_descent_back_to_mario
                0x0000000080290bd4                cutscene_ending_peach_descends
                0x0000000080290cac                cutscene_ending_mario_to_peach
                0x0000000080290d4c                cutscene_ending_look_up_at_castle
                0x0000000080290d94                cutscene_ending_peach_wakeup
                0x0000000080290e54                cutscene_ending_dialog
                0x0000000080290ed4                cutscene_ending_kiss_closeup
                0x0000000080290f38                cutscene_ending_kiss_here_we_go
                0x0000000080290ff4                cutscene_ending_kiss
                0x0000000080291064                cutscene_ending_look_at_sky
                0x00000000802910cc                cutscene_ending_zoom_fov
                0x00000000802910f0                cutscene_ending_cake_for_mario
                0x00000000802911a4                cutscene_ending_stop
                0x00000000802911e4                cutscene_grand_star_start
                0x000000008029125c                cutscene_grand_star_front_of_mario
                0x0000000080291334                cutscene_grand_star_mario_jump
                0x0000000080291398                cutscene_grand_star_accel_cvar2
                0x00000000802913e8                cutscene_grand_star_approach_mario
                0x0000000080291474                cutscene_grand_star_move_cvar2
                0x00000000802914bc                cutscene_grand_star_focus_mario
                0x0000000080291550                cutscene_grand_star
                0x0000000080291630                cutscene_grand_star_fly_start
                0x0000000080291704                cutscene_grand_star_fly_move_to_mario
                0x0000000080291798                cutscene_grand_star_fly_mario_offscreen
                0x00000000802918b8                cutscene_grand_star_fly_app_cvars
                0x00000000802919e4                cutscene_grand_star_fly
                0x0000000080291a7c                focus_in_front_of_mario
                0x0000000080291b0c                cutscene_dance_move_to_mario
                0x0000000080291ba4                cutscene_dance_rotate
                0x0000000080291bf0                cutscene_dance_rotate_move_back
                0x0000000080291c38                cutscene_dance_rotate_move_towards_mario
                0x0000000080291c94                cutscene_dance_default_focus_mario
                0x0000000080291ccc                cutscene_dance_rotate_focus_mario
                0x0000000080291d04                cutscene_dance_shake_fov
                0x0000000080291d38                cutscene_dance_default_rotate
                0x0000000080291ea8                star_dance_bound_yaw
                0x0000000080291f5c                cutscene_dance_closeup_start
                0x0000000080292050                cutscene_dance_closeup_focus_mario
                0x00000000802920e8                cutscene_dance_closeup_fly_above
                0x00000000802921f4                cutscene_dance_closeup_fly_closer
                0x00000000802922a0                cutscene_dance_closeup_zoom
                0x00000000802922cc                cutscene_dance_closeup_shake_fov
                0x0000000080292300                cutscene_dance_closeup
                0x0000000080292480                cutscene_dance_fly_away_start
                0x0000000080292600                cutscene_dance_fly_away_approach_mario
                0x00000000802926ac                cutscene_dance_fly_away_focus_mario
                0x0000000080292744                cutscene_pan_cvar9
                0x00000000802927c0                cutscene_dance_fly_rotate_around_mario
                0x0000000080292818                cutscene_dance_fly_away_rotate_while_flying
                0x0000000080292864                cutscene_dance_fly_away_shake_fov
                0x0000000080292898                cutscene_dance_fly_away
                0x0000000080292970                cutscene_key_dance_jump_cvar
                0x00000000802929e4                cutscene_key_dance_jump_closeup
                0x0000000080292a40                cutscene_key_dance_jump_lower_left
                0x0000000080292aa0                cutscene_key_dance_jump_above
                0x0000000080292b0c                cutscene_key_dance_jump_last
                0x0000000080292b74                cutscene_key_dance_shake_fov
                0x0000000080292ba8                cutscene_key_dance_handheld_shake
                0x0000000080292bd4                cutscene_key_dance_focus_mario
                0x0000000080292c0c                cutscene_key_dance
                0x0000000080292d08                cutscene_bowser_area_shake_fov
                0x0000000080292d34                cutscene_bowser_area_start_bowser_walking
                0x0000000080292d58                cutscene_bowser_arena_set_pos
                0x0000000080292dc8                cutscene_bowser_arena_focus_sine
                0x0000000080292e60                cutscene_bowser_arena_set_focus
                0x0000000080292ea4                cutscene_bowser_arena_adjust_offsets
                0x0000000080292f1c                cutscene_bowser_arena_pan_left
                0x0000000080292f5c                cutscene_bowser_arena_mario_dialog
                0x0000000080292f88                cutscene_stop_dialog
                0x0000000080292fb4                cutscene_bowser_arena_start
                0x0000000080293068                bowser_fight_intro_dialog
                0x00000000802930ec                cutscene_bowser_arena_dialog
                0x0000000080293148                cutscene_bowser_arena_end
                0x00000000802931c4                cutscene_bowser_arena
                0x000000008029333c                cutscene_star_spawn_store_info
                0x0000000080293368                cutscene_star_spawn_focus_star
                0x00000000802933f0                cutscene_star_spawn_update_boss_fight
                0x0000000080293474                cutscene_star_spawn_fly_back
                0x00000000802934ac                cutscene_star_spawn
                0x0000000080293530                cutscene_star_spawn_back
                0x00000000802935dc                cutscene_star_spawn_end
                0x0000000080293610                cutscene_exit_waterfall_warp
                0x0000000080293654                cutscene_exit_to_castle_grounds_focus_mario
                0x00000000802936fc                cutscene_exit_waterfall
                0x0000000080293758                cutscene_exit_to_castle_grounds_end
                0x00000000802937ac                cutscene_exit_fall_to_castle_grounds_warp
                0x00000000802937f0                cutscene_exit_fall_to_castle_grounds
                0x000000008029384c                cutscene_red_coin_star_start
                0x00000000802938a4                cutscene_red_coin_star_focus_xz
                0x0000000080293908                cutscene_red_coin_star_focus_y
                0x000000008029394c                cutscene_red_coin_star_look_up_at_star
                0x000000008029398c                cutscene_red_coin_star_warp
                0x0000000080293b4c                cutscene_red_coin_star_set_fov
                0x0000000080293b70                cutscene_red_coin_star
                0x0000000080293c54                cutscene_red_coin_star_end
                0x0000000080293ca8                cutscene_goto_cvar_pos
                0x0000000080293f98                cutscene_prepare_cannon_start
                0x0000000080294024                cutscene_prepare_cannon_fly_to_cannon
                0x000000008029408c                cannon_approach_prev
                0x0000000080294120                cutscene_prepare_cannon_fly_back
                0x0000000080294294                cutscene_prepare_cannon
                0x0000000080294314                cutscene_prepare_cannon_end
                0x0000000080294368                water_death_move_to_mario_side
                0x00000000802943f8                death_goto_mario
                0x0000000080294434                cutscene_death_standing_start
                0x00000000802944a8                cutscene_death_standing_goto_mario
                0x00000000802944dc                cutscene_death_standing
                0x0000000080294544                cutscene_death_stomach_start
                0x00000000802945c8                cutscene_death_stomach_goto_mario
                0x0000000080294634                cutscene_death_stomach
                0x00000000802946a4                cutscene_bbh_death_start
                0x0000000080294728                cutscene_bbh_death_goto_mario
                0x0000000080294768                cutscene_bbh_death
                0x00000000802947d8                cutscene_quicksand_death_start
                0x0000000080294814                cutscene_quicksand_death_goto_mario
                0x000000008029486c                cutscene_quicksand_death
                0x0000000080294930                cutscene_suffocation_fly_away
                0x00000000802949c0                cutscene_suffocation_stay_above_gas
                0x0000000080294a70                cutscene_suffocation_rotate
                0x0000000080294af0                cutscene_suffocation
                0x0000000080294b90                cutscene_enter_pool_start
                0x0000000080294c5c                cutscene_enter_pool_loop
                0x0000000080294c98                cutscene_enter_pool
                0x0000000080294d00                cutscene_pyramid_top_explode_start
                0x0000000080294d6c                cutscene_pyramid_top_explode_zoom_in
                0x0000000080294d98                cutscene_pyramid_top_explode_focus
                0x0000000080294e00                cutscene_pyramid_top_explode_warp
                0x0000000080294ef0                cutscene_pyramid_top_explode_closeup
                0x0000000080294fc0                cutscene_pyramid_top_explode_cam_shake
                0x0000000080294fec                cutscene_pyramid_top_explode_warp_back
                0x0000000080295048                cutscene_pyramid_top_explode
                0x0000000080295114                cutscene_pyramid_top_explode_end
                0x0000000080295154                cutscene_enter_pyramid_top_start
                0x00000000802951b0                cutscene_enter_pyramid_top
                0x00000000802952d8                cutscene_dialog_start
                0x0000000080295428                cutscene_dialog_move_mario_shoulder
                0x000000008029565c                cutscene_dialog_create_dialog_box
                0x00000000802956c4                cutscene_dialog
                0x00000000802957e8                cutscene_dialog_set_flag
                0x0000000080295810                cutscene_dialog_end
                0x0000000080295858                cutscene_read_message_start
                0x0000000080295998                cutscene_read_message
                0x0000000080295b00                cutscene_read_message_set_flag
                0x0000000080295b28                cutscene_read_message_end
                0x0000000080295b50                cutscene_exit_succ_start
                0x0000000080295bf0                cutscene_non_painting_set_cam_pos
                0x0000000080295d64                cutscene_non_painting_set_cam_focus
                0x0000000080295e94                cutscene_exit_bowser_succ_focus_left
                0x0000000080295ed4                cutscene_exit_bowser_key_toss_shake
                0x0000000080295f1c                cutscene_exit_succ_shake_landing
                0x0000000080295f48                cutscene_exit_bowser_succ
                0x0000000080295ffc                cutscene_non_painting_end
                0x0000000080296094                cutscene_exit_non_painting_succ_override_cvar
                0x00000000802960d8                cutscene_exit_non_painting_succ
                0x0000000080296194                cutscene_non_painting_death_start
                0x0000000080296230                cutscene_exit_bowser_death
                0x000000008029629c                cutscene_non_painting_death_override_offset
                0x0000000080296368                cutscene_non_painting_death
                0x0000000080296400                cutscene_cap_switch_press_start
                0x0000000080296484                cutscene_cap_switch_press_rotate_around_mario
                0x0000000080296598                cutscene_cap_switch_press_lower_cam
                0x00000000802965e0                cutscene_cap_switch_press_approach_mario
                0x00000000802966ec                cutscene_cap_switch_press_pan_left
                0x0000000080296770                cutscene_cap_switch_press_create_dialog
                0x00000000802967e0                cutscene_cap_switch_press
                0x0000000080296980                cutscene_unlock_key_door_start
                0x0000000080296a44                cutscene_unlock_key_door_approach_mario
                0x0000000080296ac8                cutscene_unlock_key_door_focus_lock
                0x0000000080296b24                cutscene_unlock_key_door_stub
                0x0000000080296b38                cutscene_unlock_key_door_fly_back
                0x0000000080296bbc                cutscene_unlock_key_door_fov_shake
                0x0000000080296be8                cutscene_unlock_key_door
                0x0000000080296c9c                intro_peach_move_camera_start_to_pipe
                0x0000000080296d98                peach_letter_text
                0x0000000080296dc4                cutscene_intro_peach_start_to_pipe_spline
                0x0000000080296e2c                cutscene_intro_peach_dialog
                0x0000000080296ebc                cutscene_intro_peach_follow_pipe_spline
                0x0000000080296f28                cutscene_intro_peach_clear_cutscene_status
                0x0000000080296f48                cutscene_intro_peach_zoom_fov
                0x0000000080296f84                cutscene_intro_peach_reset_spline
                0x0000000080296fc8                cutscene_intro_peach_handheld_shake_off
                0x0000000080296ff4                intro_pipe_exit_text
                0x0000000080297020                cutscene_intro_peach_fly_to_pipe
                0x00000000802970c4                cutscene_intro_peach_mario_appears
                0x00000000802971f4                cutscene_intro_peach_reset_fov
                0x0000000080297220                cutscene_intro_peach_letter
                0x00000000802972fc                cutscene_end_waving_start
                0x0000000080297328                cutscene_end_waving
                0x00000000802973b8                cutscene_credits_reset_spline
                0x00000000802973e4                cutscene_credits
                0x0000000080297880                cutscene_sliding_doors_open_start
                0x0000000080297940                cutscene_sliding_doors_open_set_cvars
                0x00000000802979bc                cutscene_sliding_doors_go_under_doorway
                0x00000000802979f8                cutscene_sliding_doors_fly_back_up
                0x0000000080297a34                cutscene_sliding_doors_follow_mario
                0x0000000080297b58                cutscene_sliding_doors_open
                0x0000000080297bfc                cutscene_double_doors_end
                0x0000000080297c44                cutscene_enter_painting_stub
                0x0000000080297c58                cutscene_enter_painting
                0x0000000080297f54                cutscene_exit_painting_start
                0x00000000802980f0                cutscene_exit_painting_move_to_mario
                0x000000008029818c                cutscene_exit_painting_move_to_floor
                0x000000008029829c                cutscene_exit_painting
                0x0000000080298344                cutscene_unused_exit_start
                0x00000000802983d0                cutscene_unused_exit_focus_mario
                0x0000000080298470                cutscene_exit_painting_end
                0x00000000802984e8                cutscene_enter_cannon_end
                0x0000000080298540                cutscene_enter_cannon_raise
                0x000000008029878c                cutscene_enter_cannon_start
                0x00000000802988a4                cutscene_door_start
                0x00000000802988f8                cutscene_door_fix_cam
                0x000000008029894c                cutscene_door_loop
                0x0000000080298994                cutscene_door_move_behind_mario
                0x0000000080298a70                cutscene_door_follow_mario
                0x0000000080298b04                cutscene_door_end
                0x0000000080298ba8                cutscene_door_mode
                0x0000000080298c8c                play_cutscene
                0x0000000080299a9c                cutscene_event
                0x0000000080299b20                cutscene_spawn_obj
                0x0000000080299b58                set_fov_shake
                0x0000000080299bc0                set_fov_shake_from_point
                0x0000000080299c74                shake_camera_fov
                0x0000000080299d8c                set_fov_30
                0x0000000080299db0                approach_fov_20
                0x0000000080299df0                set_fov_45
                0x0000000080299e14                set_fov_29
                0x0000000080299e38                zoom_fov_30
                0x0000000080299e98                fov_default
                0x0000000080299ffc                approach_fov_30
                0x000000008029a038                approach_fov_60
                0x000000008029a074                approach_fov_45
                0x000000008029a10c                approach_fov_80
                0x000000008029a148                set_fov_bbh
                0x000000008029a1e0                geo_camera_fov
                0x000000008029a338                set_fov_function
                0x000000008029a354                cutscene_set_fov_shake_preset
                0x000000008029a3d4                set_fov_shake_from_point_preset
                0x000000008029a69c                obj_rotate_towards_point
                0x000000008029a73c                intro_peach_set_pos_and_opacity
                0x000000008029a830                bhv_intro_peach_loop
                0x000000008029aa30                intro_lakitu_set_offset_from_camera
                0x000000008029aafc                intro_lakitu_set_focus
                0x000000008029ab6c                intro_lakitu_set_pos_and_focus
                0x000000008029ac40                bhv_intro_lakitu_loop
                0x000000008029b524                bhv_end_birds_1_loop
                0x000000008029b6a4                bhv_end_birds_2_loop
                0x000000008029b824                spawn_child_obj_relative
                0x000000008029b994                bhv_intro_scene_loop
 build/jp/src/game/debug_course.o(.text)
 .text          0x000000008029beb0       0x10 build/jp/src/game/debug_course.o
                0x000000008029beb0                nop_change_course
 build/jp/src/game/object_list_processor.o(.text)
 .text          0x000000008029bec0     0x1100 build/jp/src/game/object_list_processor.o
                0x000000008029bec0                copy_mario_state_to_object
                0x000000008029c10c                spawn_particle
                0x000000008029c198                bhv_mario_update
                0x000000008029c274                update_objects_starting_at
                0x000000008029c308                update_objects_during_time_stop
                0x000000008029c468                update_objects_in_list
                0x000000008029c4d8                unload_deactivated_objects_in_list
                0x000000008029c598                set_object_respawn_info_bits
                0x000000008029c61c                unload_objects_from_area
                0x000000008029c6f0                spawn_objects_from_info
                0x000000008029c910                stub_obj_list_processor_1
                0x000000008029c920                clear_objects
                0x000000008029ca5c                update_terrain_objects
                0x000000008029caac                update_non_terrain_objects
                0x000000008029cb60                unload_deactivated_objects
                0x000000008029cdc8                update_objects
 build/jp/src/game/object_helpers.o(.text)
 .text          0x000000008029cfc0     0x7cb0 build/jp/src/game/object_helpers.o
                0x000000008029cfc0                geo_update_projectile_pos_from_parent
                0x000000008029d054                geo_update_layer_transparency
                0x000000008029d28c                geo_switch_anim_state
                0x000000008029d318                geo_switch_area
                0x000000008029d418                obj_update_pos_from_parent_transformation
                0x000000008029d4ec                obj_apply_scale_to_matrix
                0x000000008029d5c4                create_transformation_from_matrices
                0x000000008029d8f4                obj_set_held_state
                0x000000008029d9c0                lateral_dist_between_objects
                0x000000008029da3c                dist_between_objects
                0x000000008029dadc                cur_obj_forward_vel_approach_upward
                0x000000008029db2c                approach_f32_signed
                0x000000008029dbd8                approach_f32_symmetric
                0x000000008029dc74                approach_s16_symmetric
                0x000000008029dd30                cur_obj_rotate_yaw_toward
                0x000000008029ddd8                obj_angle_to_object
                0x000000008029de58                obj_turn_toward_object
                0x000000008029e000                obj_set_parent_relative_pos
                0x000000008029e058                obj_set_pos